Copyright 1986-2022 Xilinx, Inc. All Rights Reserved. Copyright 2022-2025 Advanced Micro Devices, Inc. All Rights Reserved.
---------------------------------------------------------------------------------------------------------------------------------------------
| Tool Version : Vivado v.2025.2 (lin64) Build 6299465 Fri Nov 14 12:34:56 MST 2025
| Date         : Wed Dec 31 00:17:06 2025
| Host         : LAPTOP-313KSBNJ running 64-bit Ubuntu 20.04.6 LTS
| Command      : report_control_sets -verbose -file core_control_sets_placed.rpt
| Design       : core
| Device       : xc7a35t
---------------------------------------------------------------------------------------------------------------------------------------------

Control Set Information

Table of Contents
-----------------
1. Summary
2. Histogram
3. Flip-Flop Distribution
4. Detailed Control Set Information

1. Summary
----------

+----------------------------------------------------------+-------+
|                          Status                          | Count |
+----------------------------------------------------------+-------+
| Total control sets                                       |   317 |
|    Minimum number of control sets                        |   317 |
|    Addition due to synthesis replication                 |     0 |
|    Addition due to physical synthesis replication        |     0 |
| Unused register locations in slices containing registers |    46 |
+----------------------------------------------------------+-------+
* Control sets can be merged at opt_design using control_set_merge or merge_equivalent_drivers
** Run report_qor_suggestions for automated merging and remapping suggestions


2. Histogram
------------

+--------------------+-------+
|       Fanout       | Count |
+--------------------+-------+
| Total control sets |   317 |
| >= 0 to < 4        |     0 |
| >= 4 to < 6        |     3 |
| >= 6 to < 8        |     4 |
| >= 8 to < 10       |     1 |
| >= 10 to < 12      |     2 |
| >= 12 to < 14      |     0 |
| >= 14 to < 16      |     0 |
| >= 16              |   307 |
+--------------------+-------+
* Control sets can be remapped at either synth_design or opt_design


3. Flip-Flop Distribution
-------------------------

+--------------+-----------------------+------------------------+-----------------+--------------+
| Clock Enable | Synchronous Set/Reset | Asynchronous Set/Reset | Total Registers | Total Slices |
+--------------+-----------------------+------------------------+-----------------+--------------+
| No           | No                    | No                     |               0 |            0 |
| No           | No                    | Yes                    |             212 |           82 |
| No           | Yes                   | No                     |               0 |            0 |
| Yes          | No                    | No                     |              61 |           19 |
| Yes          | No                    | Yes                    |            1971 |          843 |
| Yes          | Yes                   | No                     |              86 |           24 |
+--------------+-----------------------+------------------------+-----------------+--------------+


4. Detailed Control Set Information
-----------------------------------

+----------------+--------------------------------------------+-------------------------------+------------------+----------------+--------------+
|  Clock Signal  |                Enable Signal               |        Set/Reset Signal       | Slice Load Count | Bel Load Count | Bels / Slice |
+----------------+--------------------------------------------+-------------------------------+------------------+----------------+--------------+
|  clk_IBUF_BUFG | u_alu/u_div/FSM_onehot_state[3]_i_1_n_0    | u_regfile/rst_n               |                3 |              4 |         1.33 |
|  clk_IBUF_BUFG | u_uart/test_ptr[0]_i_1_n_0                 | u_regfile/rst_n               |                1 |              4 |         4.00 |
|  clk_IBUF_BUFG | u_alu/u_div/ready_o_reg_1                  | u_alu/u_div/id_inst_reg[6]    |                1 |              5 |         5.00 |
|  clk_IBUF_BUFG | u_csr/exc_taken                            | u_regfile/rst_n               |                4 |              6 |         1.50 |
|  clk_IBUF_BUFG | u_uart/bit_cnt[3]_i_1_n_0                  | u_regfile/rst_n               |                2 |              6 |         3.00 |
|  clk_IBUF_BUFG | u_alu/u_div/ready_o_reg_1                  | u_alu/u_div/id_inst_reg[5]    |                2 |              6 |         3.00 |
|  clk_IBUF_BUFG | u_uart/clk_cnt[6]_i_1__0_n_0               | u_regfile/rst_n               |                2 |              7 |         3.50 |
|  clk_IBUF_BUFG | u_uart/tx_data[0]                          |                               |                4 |              8 |         2.00 |
|  clk_IBUF_BUFG | u_csr/ex_alu_op_reg[2]_0                   | u_regfile/rst_n               |                2 |             11 |         5.50 |
|  clk_IBUF_BUFG | u_alu/u_div/ready_o_reg_1                  | u_alu/u_div/id_inst_reg[31]_0 |                3 |             11 |         3.67 |
|  clk_IBUF_BUFG | u_alu/u_div/ready_o_reg_1                  |                               |                8 |             21 |         2.62 |
|  clk_IBUF_BUFG | u_csr/reg_mstatus[31]_i_1_n_0              | u_regfile/rst_n               |               13 |             30 |         2.31 |
|  clk_IBUF_BUFG | u_ram/memory_reg_5888_6143_24_24_i_1_n_0   |                               |                8 |             32 |         4.00 |
|  clk_IBUF_BUFG | u_ram/memory_reg_6400_6655_8_8_i_1_n_0     |                               |                8 |             32 |         4.00 |
|  clk_IBUF_BUFG | u_ram/memory_reg_6400_6655_24_24_i_1_n_0   |                               |                8 |             32 |         4.00 |
|  clk_IBUF_BUFG | u_ram/memory_reg_6400_6655_16_16_i_1_n_0   |                               |                8 |             32 |         4.00 |
|  clk_IBUF_BUFG | u_ram/memory_reg_6400_6655_0_0_i_1_n_0     |                               |                8 |             32 |         4.00 |
|  clk_IBUF_BUFG | u_ram/memory_reg_6144_6399_8_8_i_1_n_0     |                               |                8 |             32 |         4.00 |
|  clk_IBUF_BUFG | u_ram/memory_reg_6144_6399_24_24_i_1_n_0   |                               |                8 |             32 |         4.00 |
|  clk_IBUF_BUFG | u_ram/memory_reg_6144_6399_16_16_i_1_n_0   |                               |                8 |             32 |         4.00 |
|  clk_IBUF_BUFG | u_ram/memory_reg_6144_6399_0_0_i_1_n_0     |                               |                8 |             32 |         4.00 |
|  clk_IBUF_BUFG | u_ram/memory_reg_5888_6143_8_8_i_1_n_0     |                               |                8 |             32 |         4.00 |
|  clk_IBUF_BUFG | u_ram/memory_reg_5632_5887_0_0_i_1_n_0     |                               |                8 |             32 |         4.00 |
|  clk_IBUF_BUFG | u_ram/memory_reg_5376_5631_8_8_i_1_n_0     |                               |                8 |             32 |         4.00 |
|  clk_IBUF_BUFG | u_ram/memory_reg_5888_6143_16_16_i_1_n_0   |                               |                8 |             32 |         4.00 |
|  clk_IBUF_BUFG | u_ram/memory_reg_5888_6143_0_0_i_1_n_0     |                               |                8 |             32 |         4.00 |
|  clk_IBUF_BUFG | u_ram/memory_reg_5632_5887_8_8_i_1_n_0     |                               |                8 |             32 |         4.00 |
|  clk_IBUF_BUFG | u_ram/memory_reg_7680_7935_24_24_i_1_n_0   |                               |                8 |             32 |         4.00 |
|  clk_IBUF_BUFG | u_ram/memory_reg_5376_5631_24_24_i_1_n_0   |                               |                8 |             32 |         4.00 |
|  clk_IBUF_BUFG | u_ram/memory_reg_5632_5887_24_24_i_1_n_0   |                               |                8 |             32 |         4.00 |
|  clk_IBUF_BUFG | u_ram/memory_reg_5632_5887_16_16_i_1_n_0   |                               |                8 |             32 |         4.00 |
|  clk_IBUF_BUFG | u_ram/memory_reg_7168_7423_16_16_i_1_n_0   |                               |                8 |             32 |         4.00 |
|  clk_IBUF_BUFG | u_ram/memory_reg_3328_3583_16_16_i_1_n_0   |                               |                8 |             32 |         4.00 |
|  clk_IBUF_BUFG | u_ram/memory_reg_7680_7935_16_16_i_1_n_0   |                               |                8 |             32 |         4.00 |
|  clk_IBUF_BUFG | u_ram/memory_reg_7680_7935_0_0_i_1_n_0     |                               |                8 |             32 |         4.00 |
|  clk_IBUF_BUFG | u_ram/memory_reg_7424_7679_8_8_i_1_n_0     |                               |                8 |             32 |         4.00 |
|  clk_IBUF_BUFG | u_ram/memory_reg_7424_7679_24_24_i_1_n_0   |                               |                8 |             32 |         4.00 |
|  clk_IBUF_BUFG | u_ram/memory_reg_7424_7679_16_16_i_1_n_0   |                               |                8 |             32 |         4.00 |
|  clk_IBUF_BUFG | u_ram/memory_reg_7424_7679_0_0_i_1_n_0     |                               |                8 |             32 |         4.00 |
|  clk_IBUF_BUFG | u_ram/memory_reg_7168_7423_8_8_i_1_n_0     |                               |                8 |             32 |         4.00 |
|  clk_IBUF_BUFG | u_ram/memory_reg_7168_7423_24_24_i_1_n_0   |                               |                8 |             32 |         4.00 |
|  clk_IBUF_BUFG | u_ram/memory_reg_6656_6911_0_0_i_1_n_0     |                               |                8 |             32 |         4.00 |
|  clk_IBUF_BUFG | u_ram/memory_reg_7168_7423_0_0_i_1_n_0     |                               |                8 |             32 |         4.00 |
|  clk_IBUF_BUFG | u_ram/memory_reg_6912_7167_8_8_i_1_n_0     |                               |                8 |             32 |         4.00 |
|  clk_IBUF_BUFG | u_ram/memory_reg_6912_7167_24_24_i_1_n_0   |                               |                8 |             32 |         4.00 |
|  clk_IBUF_BUFG | u_ram/memory_reg_6912_7167_16_16_i_1_n_0   |                               |                8 |             32 |         4.00 |
|  clk_IBUF_BUFG | u_ram/memory_reg_6912_7167_0_0_i_1_n_0     |                               |                8 |             32 |         4.00 |
|  clk_IBUF_BUFG | u_ram/memory_reg_6656_6911_8_8_i_1_n_0     |                               |                8 |             32 |         4.00 |
|  clk_IBUF_BUFG | u_ram/memory_reg_6656_6911_24_24_i_1_n_0   |                               |                8 |             32 |         4.00 |
|  clk_IBUF_BUFG | u_ram/memory_reg_6656_6911_16_16_i_1_n_0   |                               |                8 |             32 |         4.00 |
|  clk_IBUF_BUFG | u_ram/memory_reg_3840_4095_16_16_i_1_n_0   |                               |                8 |             32 |         4.00 |
|  clk_IBUF_BUFG | u_ram/memory_reg_4352_4607_24_24_i_1_n_0   |                               |                8 |             32 |         4.00 |
|  clk_IBUF_BUFG | u_ram/memory_reg_4352_4607_16_16_i_1_n_0   |                               |                8 |             32 |         4.00 |
|  clk_IBUF_BUFG | u_ram/memory_reg_4352_4607_0_0_i_1_n_0     |                               |                8 |             32 |         4.00 |
|  clk_IBUF_BUFG | u_ram/memory_reg_4096_4351_8_8_i_1_n_0     |                               |                8 |             32 |         4.00 |
|  clk_IBUF_BUFG | u_ram/memory_reg_4096_4351_24_24_i_1_n_0   |                               |                8 |             32 |         4.00 |
|  clk_IBUF_BUFG | u_ram/memory_reg_4096_4351_16_16_i_1_n_0   |                               |                8 |             32 |         4.00 |
|  clk_IBUF_BUFG | u_ram/memory_reg_4096_4351_0_0_i_1_n_0     |                               |                8 |             32 |         4.00 |
|  clk_IBUF_BUFG | u_ram/memory_reg_3840_4095_8_8_i_1_n_0     |                               |                8 |             32 |         4.00 |
|  clk_IBUF_BUFG | u_ram/memory_reg_3840_4095_24_24_i_1_n_0   |                               |                8 |             32 |         4.00 |
|  clk_IBUF_BUFG | u_ram/memory_reg_4352_4607_8_8_i_1_n_0     |                               |                8 |             32 |         4.00 |
|  clk_IBUF_BUFG | u_ram/memory_reg_3840_4095_0_0_i_1_n_0     |                               |                8 |             32 |         4.00 |
|  clk_IBUF_BUFG | u_ram/memory_reg_3584_3839_8_8_i_1_n_0     |                               |                8 |             32 |         4.00 |
|  clk_IBUF_BUFG | u_ram/memory_reg_3584_3839_24_24_i_1_n_0   |                               |                8 |             32 |         4.00 |
|  clk_IBUF_BUFG | u_ram/memory_reg_3584_3839_16_16_i_1_n_0   |                               |                8 |             32 |         4.00 |
|  clk_IBUF_BUFG | u_ram/memory_reg_3584_3839_0_0_i_1_n_0     |                               |                8 |             32 |         4.00 |
|  clk_IBUF_BUFG | u_ram/memory_reg_3328_3583_8_8_i_1_n_0     |                               |                8 |             32 |         4.00 |
|  clk_IBUF_BUFG | u_ram/memory_reg_3328_3583_24_24_i_1_n_0   |                               |                8 |             32 |         4.00 |
|  clk_IBUF_BUFG | reg_uart_ie0                               | u_regfile/rst_n               |               21 |             32 |         1.52 |
|  clk_IBUF_BUFG | u_ram/memory_reg_5120_5375_0_0_i_1_n_0     |                               |                8 |             32 |         4.00 |
|  clk_IBUF_BUFG | u_ram/memory_reg_5376_5631_0_0_i_1_n_0     |                               |                8 |             32 |         4.00 |
|  clk_IBUF_BUFG | u_ram/memory_reg_512_767_8_8_i_1_n_0       |                               |                8 |             32 |         4.00 |
|  clk_IBUF_BUFG | u_ram/memory_reg_512_767_24_24_i_1_n_0     |                               |                8 |             32 |         4.00 |
|  clk_IBUF_BUFG | u_ram/memory_reg_512_767_16_16_i_1_n_0     |                               |                8 |             32 |         4.00 |
|  clk_IBUF_BUFG | u_ram/memory_reg_512_767_0_0_i_1_n_0       |                               |                8 |             32 |         4.00 |
|  clk_IBUF_BUFG | u_ram/memory_reg_5120_5375_8_8_i_1_n_0     |                               |                8 |             32 |         4.00 |
|  clk_IBUF_BUFG | u_ram/memory_reg_5120_5375_24_24_i_1_n_0   |                               |                8 |             32 |         4.00 |
|  clk_IBUF_BUFG | u_ram/memory_reg_5120_5375_16_16_i_1_n_0   |                               |                8 |             32 |         4.00 |
|  clk_IBUF_BUFG | u_ram/memory_reg_5376_5631_16_16_i_1_n_0   |                               |                8 |             32 |         4.00 |
|  clk_IBUF_BUFG | u_ram/memory_reg_4864_5119_8_8_i_1_n_0     |                               |                8 |             32 |         4.00 |
|  clk_IBUF_BUFG | u_ram/memory_reg_4864_5119_24_24_i_1_n_0   |                               |                8 |             32 |         4.00 |
|  clk_IBUF_BUFG | u_ram/memory_reg_4864_5119_16_16_i_1_n_0   |                               |                8 |             32 |         4.00 |
|  clk_IBUF_BUFG | u_ram/memory_reg_4864_5119_0_0_i_1_n_0     |                               |                8 |             32 |         4.00 |
|  clk_IBUF_BUFG | u_ram/memory_reg_4608_4863_8_8_i_1_n_0     |                               |                8 |             32 |         4.00 |
|  clk_IBUF_BUFG | u_ram/memory_reg_4608_4863_24_24_i_1_n_0   |                               |                8 |             32 |         4.00 |
|  clk_IBUF_BUFG | u_ram/memory_reg_4608_4863_16_16_i_1_n_0   |                               |                8 |             32 |         4.00 |
|  clk_IBUF_BUFG | u_ram/memory_reg_4608_4863_0_0_i_1_n_0     |                               |                8 |             32 |         4.00 |
|  clk_IBUF_BUFG | u_regfile/regs[15][31]_i_1_n_0             | u_regfile/rst_n               |               11 |             32 |         2.91 |
|  clk_IBUF_BUFG | u_regfile/regs[23][31]_i_1_n_0             | u_regfile/rst_n               |               13 |             32 |         2.46 |
|  clk_IBUF_BUFG | u_regfile/regs[22][31]_i_1_n_0             | u_regfile/rst_n               |                9 |             32 |         3.56 |
|  clk_IBUF_BUFG | u_regfile/regs[21][31]_i_1_n_0             | u_regfile/rst_n               |               11 |             32 |         2.91 |
|  clk_IBUF_BUFG | u_regfile/regs[20][31]_i_1_n_0             | u_regfile/rst_n               |               10 |             32 |         3.20 |
|  clk_IBUF_BUFG | u_regfile/regs[1][31]_i_1_n_0              | u_regfile/rst_n               |                9 |             32 |         3.56 |
|  clk_IBUF_BUFG | u_regfile/regs[19][31]_i_1_n_0             | u_regfile/rst_n               |                9 |             32 |         3.56 |
|  clk_IBUF_BUFG | u_regfile/regs[18][31]_i_1_n_0             | u_regfile/rst_n               |                9 |             32 |         3.56 |
|  clk_IBUF_BUFG | u_regfile/regs[17][31]_i_1_n_0             | u_regfile/rst_n               |                9 |             32 |         3.56 |
|  clk_IBUF_BUFG | u_regfile/regs[16][31]_i_1_n_0             | u_regfile/rst_n               |               10 |             32 |         3.20 |
|  clk_IBUF_BUFG | u_regfile/regs[24][31]_i_1_n_0             | u_regfile/rst_n               |                9 |             32 |         3.56 |
|  clk_IBUF_BUFG | u_regfile/regs[14][31]_i_1_n_0             | u_regfile/rst_n               |                9 |             32 |         3.56 |
|  clk_IBUF_BUFG | u_regfile/regs[13][31]_i_1_n_0             | u_regfile/rst_n               |               10 |             32 |         3.20 |
|  clk_IBUF_BUFG | u_regfile/regs[12][31]_i_1_n_0             | u_regfile/rst_n               |               10 |             32 |         3.20 |
|  clk_IBUF_BUFG | u_regfile/regs[11][31]_i_1_n_0             | u_regfile/rst_n               |               13 |             32 |         2.46 |
|  clk_IBUF_BUFG | u_regfile/regs[10][31]_i_1_n_0             | u_regfile/rst_n               |               11 |             32 |         2.91 |
|  clk_IBUF_BUFG | u_ram/memory_reg_9984_10239_8_8_i_1_n_0    |                               |                8 |             32 |         4.00 |
|  clk_IBUF_BUFG | u_ram/memory_reg_9984_10239_24_24_i_1_n_0  |                               |                8 |             32 |         4.00 |
|  clk_IBUF_BUFG | u_ram/memory_reg_9984_10239_16_16_i_1_n_0  |                               |                8 |             32 |         4.00 |
|  clk_IBUF_BUFG | u_regfile/regs[3][31]_i_1_n_0              | u_regfile/rst_n               |               12 |             32 |         2.67 |
|  clk_IBUF_BUFG | mtimecmp[63]_i_1_n_0                       | u_regfile/rst_n               |               16 |             32 |         2.00 |
|  clk_IBUF_BUFG | mtimecmp[31]_i_1_n_0                       | u_regfile/rst_n               |               13 |             32 |         2.46 |
|  clk_IBUF_BUFG | u_uart_rx/clk_cnt[0]                       | u_regfile/rst_n               |                8 |             32 |         4.00 |
|  clk_IBUF_BUFG | u_regfile/regs[9][31]_i_1_n_0              | u_regfile/rst_n               |               25 |             32 |         1.28 |
|  clk_IBUF_BUFG | u_regfile/regs[8][31]_i_1_n_0              | u_regfile/rst_n               |               20 |             32 |         1.60 |
|  clk_IBUF_BUFG | u_regfile/regs[7][31]_i_1_n_0              | u_regfile/rst_n               |               17 |             32 |         1.88 |
|  clk_IBUF_BUFG | u_regfile/regs[6][31]_i_1_n_0              | u_regfile/rst_n               |               17 |             32 |         1.88 |
|  clk_IBUF_BUFG | u_regfile/regs[5][31]_i_1_n_0              | u_regfile/rst_n               |               12 |             32 |         2.67 |
|  clk_IBUF_BUFG | u_regfile/regs[4][31]_i_1_n_0              | u_regfile/rst_n               |               14 |             32 |         2.29 |
|  clk_IBUF_BUFG | u_ram/memory_reg_9984_10239_0_0_i_1_n_0    |                               |                8 |             32 |         4.00 |
|  clk_IBUF_BUFG | u_regfile/regs[31][31]_i_1_n_0             | u_regfile/rst_n               |               20 |             32 |         1.60 |
|  clk_IBUF_BUFG | u_regfile/regs[30][31]_i_1_n_0             | u_regfile/rst_n               |               22 |             32 |         1.45 |
|  clk_IBUF_BUFG | u_regfile/regs[2][31]_i_1_n_0              | u_regfile/rst_n               |               13 |             32 |         2.46 |
|  clk_IBUF_BUFG | u_regfile/regs[29][31]_i_1_n_0             | u_regfile/rst_n               |               18 |             32 |         1.78 |
|  clk_IBUF_BUFG | u_regfile/regs[28][31]_i_1_n_0             | u_regfile/rst_n               |               12 |             32 |         2.67 |
|  clk_IBUF_BUFG | u_regfile/regs[27][31]_i_1_n_0             | u_regfile/rst_n               |               16 |             32 |         2.00 |
|  clk_IBUF_BUFG | u_regfile/regs[26][31]_i_1_n_0             | u_regfile/rst_n               |               14 |             32 |         2.29 |
|  clk_IBUF_BUFG | u_regfile/regs[25][31]_i_1_n_0             | u_regfile/rst_n               |                9 |             32 |         3.56 |
|  clk_IBUF_BUFG | u_ram/memory_reg_8192_8447_0_0_i_1_n_0     |                               |                8 |             32 |         4.00 |
|  clk_IBUF_BUFG | u_ram/memory_reg_8704_8959_16_16_i_1_n_0   |                               |                8 |             32 |         4.00 |
|  clk_IBUF_BUFG | u_ram/memory_reg_8704_8959_0_0_i_1_n_0     |                               |                8 |             32 |         4.00 |
|  clk_IBUF_BUFG | u_ram/memory_reg_8448_8703_8_8_i_1_n_0     |                               |                8 |             32 |         4.00 |
|  clk_IBUF_BUFG | u_ram/memory_reg_8448_8703_24_24_i_1_n_0   |                               |                8 |             32 |         4.00 |
|  clk_IBUF_BUFG | u_ram/memory_reg_8448_8703_16_16_i_1_n_0   |                               |                8 |             32 |         4.00 |
|  clk_IBUF_BUFG | u_ram/memory_reg_8448_8703_0_0_i_1_n_0     |                               |                8 |             32 |         4.00 |
|  clk_IBUF_BUFG | u_ram/memory_reg_8192_8447_8_8_i_1_n_0     |                               |                8 |             32 |         4.00 |
|  clk_IBUF_BUFG | u_ram/memory_reg_8192_8447_24_24_i_1_n_0   |                               |                8 |             32 |         4.00 |
|  clk_IBUF_BUFG | u_ram/memory_reg_8192_8447_16_16_i_1_n_0   |                               |                8 |             32 |         4.00 |
|  clk_IBUF_BUFG | u_ram/memory_reg_8704_8959_24_24_i_1_n_0   |                               |                8 |             32 |         4.00 |
|  clk_IBUF_BUFG | u_ram/memory_reg_7936_8191_8_8_i_1_n_0     |                               |                8 |             32 |         4.00 |
|  clk_IBUF_BUFG | u_ram/memory_reg_7936_8191_24_24_i_1_n_0   |                               |                8 |             32 |         4.00 |
|  clk_IBUF_BUFG | u_ram/memory_reg_7936_8191_16_16_i_1_n_0   |                               |                8 |             32 |         4.00 |
|  clk_IBUF_BUFG | u_ram/memory_reg_7936_8191_0_0_i_1_n_0     |                               |                8 |             32 |         4.00 |
|  clk_IBUF_BUFG | u_ram/memory_reg_768_1023_8_8_i_1_n_0      |                               |                8 |             32 |         4.00 |
|  clk_IBUF_BUFG | u_ram/memory_reg_768_1023_24_24_i_1_n_0    |                               |                8 |             32 |         4.00 |
|  clk_IBUF_BUFG | u_ram/memory_reg_768_1023_16_16_i_1_n_0    |                               |                8 |             32 |         4.00 |
|  clk_IBUF_BUFG | u_ram/memory_reg_768_1023_0_0_i_1_n_0      |                               |                8 |             32 |         4.00 |
|  clk_IBUF_BUFG | u_ram/memory_reg_9216_9471_8_8_i_1_n_0     |                               |                8 |             32 |         4.00 |
|  clk_IBUF_BUFG | u_ram/memory_reg_9728_9983_8_8_i_1_n_0     |                               |                8 |             32 |         4.00 |
|  clk_IBUF_BUFG | u_ram/memory_reg_9728_9983_24_24_i_1_n_0   |                               |                8 |             32 |         4.00 |
|  clk_IBUF_BUFG | u_ram/memory_reg_9728_9983_16_16_i_1_n_0   |                               |                8 |             32 |         4.00 |
|  clk_IBUF_BUFG | u_ram/memory_reg_9728_9983_0_0_i_1_n_0     |                               |                8 |             32 |         4.00 |
|  clk_IBUF_BUFG | u_ram/memory_reg_9472_9727_8_8_i_1_n_0     |                               |                8 |             32 |         4.00 |
|  clk_IBUF_BUFG | u_ram/memory_reg_9472_9727_24_24_i_1_n_0   |                               |                8 |             32 |         4.00 |
|  clk_IBUF_BUFG | u_ram/memory_reg_9472_9727_16_16_i_1_n_0   |                               |                8 |             32 |         4.00 |
|  clk_IBUF_BUFG | u_ram/memory_reg_9472_9727_0_0_i_1_n_0     |                               |                8 |             32 |         4.00 |
|  clk_IBUF_BUFG | u_ram/memory_reg_7680_7935_8_8_i_1_n_0     |                               |                8 |             32 |         4.00 |
|  clk_IBUF_BUFG | u_ram/memory_reg_9216_9471_24_24_i_1_n_0   |                               |                8 |             32 |         4.00 |
|  clk_IBUF_BUFG | u_ram/memory_reg_9216_9471_16_16_i_1_n_0   |                               |                8 |             32 |         4.00 |
|  clk_IBUF_BUFG | u_ram/memory_reg_9216_9471_0_0_i_1_n_0     |                               |                8 |             32 |         4.00 |
|  clk_IBUF_BUFG | u_ram/memory_reg_8960_9215_8_8_i_1_n_0     |                               |                8 |             32 |         4.00 |
|  clk_IBUF_BUFG | u_ram/memory_reg_8960_9215_24_24_i_1_n_0   |                               |                8 |             32 |         4.00 |
|  clk_IBUF_BUFG | u_ram/memory_reg_8960_9215_16_16_i_1_n_0   |                               |                8 |             32 |         4.00 |
|  clk_IBUF_BUFG | u_ram/memory_reg_8960_9215_0_0_i_1_n_0     |                               |                8 |             32 |         4.00 |
|  clk_IBUF_BUFG | u_ram/memory_reg_8704_8959_8_8_i_1_n_0     |                               |                8 |             32 |         4.00 |
|  clk_IBUF_BUFG | u_ram/memory_reg_12032_12287_16_16_i_1_n_0 |                               |                8 |             32 |         4.00 |
|  clk_IBUF_BUFG | u_ram/memory_reg_12544_12799_24_24_i_1_n_0 |                               |                8 |             32 |         4.00 |
|  clk_IBUF_BUFG | u_ram/memory_reg_12544_12799_16_16_i_1_n_0 |                               |                8 |             32 |         4.00 |
|  clk_IBUF_BUFG | u_ram/memory_reg_12544_12799_0_0_i_1_n_0   |                               |                8 |             32 |         4.00 |
|  clk_IBUF_BUFG | u_ram/memory_reg_12288_12543_8_8_i_1_n_0   |                               |                8 |             32 |         4.00 |
|  clk_IBUF_BUFG | u_ram/memory_reg_12288_12543_24_24_i_1_n_0 |                               |                8 |             32 |         4.00 |
|  clk_IBUF_BUFG | u_ram/memory_reg_12288_12543_16_16_i_1_n_0 |                               |                8 |             32 |         4.00 |
|  clk_IBUF_BUFG | u_ram/memory_reg_12288_12543_0_0_i_1_n_0   |                               |                8 |             32 |         4.00 |
|  clk_IBUF_BUFG | u_ram/memory_reg_12032_12287_8_8_i_1_n_0   |                               |                8 |             32 |         4.00 |
|  clk_IBUF_BUFG | u_ram/memory_reg_12032_12287_24_24_i_1_n_0 |                               |                8 |             32 |         4.00 |
|  clk_IBUF_BUFG | u_ram/memory_reg_12544_12799_8_8_i_1_n_0   |                               |                8 |             32 |         4.00 |
|  clk_IBUF_BUFG | u_ram/memory_reg_12032_12287_0_0_i_1_n_0   |                               |                8 |             32 |         4.00 |
|  clk_IBUF_BUFG | u_ram/memory_reg_11776_12031_8_8_i_1_n_0   |                               |                8 |             32 |         4.00 |
|  clk_IBUF_BUFG | u_ram/memory_reg_11776_12031_24_24_i_1_n_0 |                               |                8 |             32 |         4.00 |
|  clk_IBUF_BUFG | u_ram/memory_reg_11776_12031_16_16_i_1_n_0 |                               |                8 |             32 |         4.00 |
|  clk_IBUF_BUFG | u_ram/memory_reg_11776_12031_0_0_i_1_n_0   |                               |                8 |             32 |         4.00 |
|  clk_IBUF_BUFG | u_ram/memory_reg_11520_11775_8_8_i_1_n_0   |                               |                8 |             32 |         4.00 |
|  clk_IBUF_BUFG | u_ram/memory_reg_11520_11775_24_24_i_1_n_0 |                               |                8 |             32 |         4.00 |
|  clk_IBUF_BUFG | u_ram/memory_reg_11520_11775_16_16_i_1_n_0 |                               |                8 |             32 |         4.00 |
|  clk_IBUF_BUFG | u_ram/memory_reg_13056_13311_0_0_i_1_n_0   |                               |                8 |             32 |         4.00 |
|  clk_IBUF_BUFG | u_ram/memory_reg_13568_13823_16_16_i_1_n_0 |                               |                8 |             32 |         4.00 |
|  clk_IBUF_BUFG | u_ram/memory_reg_13568_13823_0_0_i_1_n_0   |                               |                8 |             32 |         4.00 |
|  clk_IBUF_BUFG | u_ram/memory_reg_13312_13567_8_8_i_1_n_0   |                               |                8 |             32 |         4.00 |
|  clk_IBUF_BUFG | u_ram/memory_reg_13312_13567_24_24_i_1_n_0 |                               |                8 |             32 |         4.00 |
|  clk_IBUF_BUFG | u_ram/memory_reg_13312_13567_16_16_i_1_n_0 |                               |                8 |             32 |         4.00 |
|  clk_IBUF_BUFG | u_ram/memory_reg_13312_13567_0_0_i_1_n_0   |                               |                8 |             32 |         4.00 |
|  clk_IBUF_BUFG | u_ram/memory_reg_13056_13311_8_8_i_1_n_0   |                               |                8 |             32 |         4.00 |
|  clk_IBUF_BUFG | u_ram/memory_reg_13056_13311_24_24_i_1_n_0 |                               |                8 |             32 |         4.00 |
|  clk_IBUF_BUFG | u_ram/memory_reg_13056_13311_16_16_i_1_n_0 |                               |                8 |             32 |         4.00 |
|  clk_IBUF_BUFG | u_ram/memory_reg_11520_11775_0_0_i_1_n_0   |                               |                8 |             32 |         4.00 |
|  clk_IBUF_BUFG | u_ram/memory_reg_1280_1535_8_8_i_1_n_0     |                               |                8 |             32 |         4.00 |
|  clk_IBUF_BUFG | u_ram/memory_reg_1280_1535_24_24_i_1_n_0   |                               |                8 |             32 |         4.00 |
|  clk_IBUF_BUFG | u_ram/memory_reg_1280_1535_16_16_i_1_n_0   |                               |                8 |             32 |         4.00 |
|  clk_IBUF_BUFG | u_ram/memory_reg_1280_1535_0_0_i_1_n_0     |                               |                8 |             32 |         4.00 |
|  clk_IBUF_BUFG | u_ram/memory_reg_12800_13055_8_8_i_1_n_0   |                               |                8 |             32 |         4.00 |
|  clk_IBUF_BUFG | u_ram/memory_reg_12800_13055_24_24_i_1_n_0 |                               |                8 |             32 |         4.00 |
|  clk_IBUF_BUFG | u_ram/memory_reg_12800_13055_16_16_i_1_n_0 |                               |                8 |             32 |         4.00 |
|  clk_IBUF_BUFG | u_ram/memory_reg_12800_13055_0_0_i_1_n_0   |                               |                8 |             32 |         4.00 |
|  clk_IBUF_BUFG | u_ram/memory_reg_0_255_0_0_i_1_n_0         |                               |                8 |             32 |         4.00 |
|  clk_IBUF_BUFG | u_ram/memory_reg_1024_1279_16_16_i_1_n_0   |                               |                8 |             32 |         4.00 |
|  clk_IBUF_BUFG | u_ram/memory_reg_1024_1279_0_0_i_1_n_0     |                               |                8 |             32 |         4.00 |
|  clk_IBUF_BUFG | u_ram/memory_reg_10240_10495_8_8_i_1_n_0   |                               |                8 |             32 |         4.00 |
|  clk_IBUF_BUFG | u_ram/memory_reg_10240_10495_24_24_i_1_n_0 |                               |                8 |             32 |         4.00 |
|  clk_IBUF_BUFG | u_ram/memory_reg_10240_10495_16_16_i_1_n_0 |                               |                8 |             32 |         4.00 |
|  clk_IBUF_BUFG | u_ram/memory_reg_10240_10495_0_0_i_1_n_0   |                               |                8 |             32 |         4.00 |
|  clk_IBUF_BUFG | u_ram/memory_reg_0_255_8_8_i_2_n_0         |                               |                8 |             32 |         4.00 |
|  clk_IBUF_BUFG | u_ram/memory_reg_0_255_24_24_i_2_n_0       |                               |                8 |             32 |         4.00 |
|  clk_IBUF_BUFG | u_ram/memory_reg_0_255_16_16_i_2_n_0       |                               |                8 |             32 |         4.00 |
|  clk_IBUF_BUFG | u_ram/memory_reg_1024_1279_24_24_i_1_n_0   |                               |                8 |             32 |         4.00 |
|  clk_IBUF_BUFG | u_csr/reg_mtvec[31]_i_1_n_0                | u_regfile/rst_n               |               12 |             32 |         2.67 |
|  clk_IBUF_BUFG | u_csr/reg_mscratch[31]_i_1_n_0             | u_regfile/rst_n               |               17 |             32 |         1.88 |
|  clk_IBUF_BUFG | u_csr/reg_mie[31]_i_1_n_0                  | u_regfile/rst_n               |               14 |             32 |         2.29 |
|  clk_IBUF_BUFG | u_csr/reg_mepc[31]_i_1_n_0                 | u_regfile/rst_n               |               14 |             32 |         2.29 |
|  clk_IBUF_BUFG | u_alu/u_div/E[0]                           |                               |                7 |             32 |         4.57 |
|  clk_IBUF_BUFG | u_alu/u_div/temp_b[31]_i_1_n_0             | u_regfile/rst_n               |               15 |             32 |         2.13 |
|  clk_IBUF_BUFG | u_alu/u_div/ready_o_reg_1                  | u_alu/u_div/ready_o_reg_2     |                9 |             32 |         3.56 |
|  clk_IBUF_BUFG | u_alu/u_div/ready_o_reg_1                  | u_alu/u_div/id_inst_reg[22]   |                9 |             32 |         3.56 |
|  clk_IBUF_BUFG | u_ram/memory_reg_10752_11007_8_8_i_1_n_0   |                               |                8 |             32 |         4.00 |
|  clk_IBUF_BUFG | u_ram/memory_reg_11264_11519_8_8_i_1_n_0   |                               |                8 |             32 |         4.00 |
|  clk_IBUF_BUFG | u_ram/memory_reg_11264_11519_24_24_i_1_n_0 |                               |                8 |             32 |         4.00 |
|  clk_IBUF_BUFG | u_ram/memory_reg_11264_11519_16_16_i_1_n_0 |                               |                8 |             32 |         4.00 |
|  clk_IBUF_BUFG | u_ram/memory_reg_11264_11519_0_0_i_1_n_0   |                               |                8 |             32 |         4.00 |
|  clk_IBUF_BUFG | u_ram/memory_reg_11008_11263_8_8_i_1_n_0   |                               |                8 |             32 |         4.00 |
|  clk_IBUF_BUFG | u_ram/memory_reg_11008_11263_24_24_i_1_n_0 |                               |                8 |             32 |         4.00 |
|  clk_IBUF_BUFG | u_ram/memory_reg_11008_11263_16_16_i_1_n_0 |                               |                8 |             32 |         4.00 |
|  clk_IBUF_BUFG | u_ram/memory_reg_11008_11263_0_0_i_1_n_0   |                               |                8 |             32 |         4.00 |
|  clk_IBUF_BUFG | u_ram/memory_reg_3072_3327_8_8_i_1_n_0     |                               |                8 |             32 |         4.00 |
|  clk_IBUF_BUFG | u_ram/memory_reg_10752_11007_24_24_i_1_n_0 |                               |                8 |             32 |         4.00 |
|  clk_IBUF_BUFG | u_ram/memory_reg_10752_11007_16_16_i_1_n_0 |                               |                8 |             32 |         4.00 |
|  clk_IBUF_BUFG | u_ram/memory_reg_10752_11007_0_0_i_1_n_0   |                               |                8 |             32 |         4.00 |
|  clk_IBUF_BUFG | u_ram/memory_reg_10496_10751_8_8_i_1_n_0   |                               |                8 |             32 |         4.00 |
|  clk_IBUF_BUFG | u_ram/memory_reg_10496_10751_24_24_i_1_n_0 |                               |                8 |             32 |         4.00 |
|  clk_IBUF_BUFG | u_ram/memory_reg_10496_10751_16_16_i_1_n_0 |                               |                8 |             32 |         4.00 |
|  clk_IBUF_BUFG | u_ram/memory_reg_10496_10751_0_0_i_1_n_0   |                               |                8 |             32 |         4.00 |
|  clk_IBUF_BUFG | u_ram/memory_reg_1024_1279_8_8_i_1_n_0     |                               |                8 |             32 |         4.00 |
|  clk_IBUF_BUFG | u_ram/memory_reg_1792_2047_0_0_i_1_n_0     |                               |                8 |             32 |         4.00 |
|  clk_IBUF_BUFG | u_ram/memory_reg_2304_2559_16_16_i_1_n_0   |                               |                8 |             32 |         4.00 |
|  clk_IBUF_BUFG | u_ram/memory_reg_2304_2559_0_0_i_1_n_0     |                               |                8 |             32 |         4.00 |
|  clk_IBUF_BUFG | u_ram/memory_reg_2048_2303_8_8_i_1_n_0     |                               |                8 |             32 |         4.00 |
|  clk_IBUF_BUFG | u_ram/memory_reg_2048_2303_24_24_i_1_n_0   |                               |                8 |             32 |         4.00 |
|  clk_IBUF_BUFG | u_ram/memory_reg_2048_2303_16_16_i_1_n_0   |                               |                8 |             32 |         4.00 |
|  clk_IBUF_BUFG | u_ram/memory_reg_2048_2303_0_0_i_1_n_0     |                               |                8 |             32 |         4.00 |
|  clk_IBUF_BUFG | u_ram/memory_reg_1792_2047_8_8_i_1_n_0     |                               |                8 |             32 |         4.00 |
|  clk_IBUF_BUFG | u_ram/memory_reg_1792_2047_24_24_i_1_n_0   |                               |                8 |             32 |         4.00 |
|  clk_IBUF_BUFG | u_ram/memory_reg_1792_2047_16_16_i_1_n_0   |                               |                8 |             32 |         4.00 |
|  clk_IBUF_BUFG | u_ram/memory_reg_2304_2559_24_24_i_1_n_0   |                               |                8 |             32 |         4.00 |
|  clk_IBUF_BUFG | u_ram/memory_reg_16128_16383_8_8_i_1_n_0   |                               |                8 |             32 |         4.00 |
|  clk_IBUF_BUFG | u_ram/memory_reg_16128_16383_24_24_i_1_n_0 |                               |                8 |             32 |         4.00 |
|  clk_IBUF_BUFG | u_ram/memory_reg_16128_16383_16_16_i_1_n_0 |                               |                8 |             32 |         4.00 |
|  clk_IBUF_BUFG | u_ram/memory_reg_16128_16383_0_0_i_1_n_0   |                               |                8 |             32 |         4.00 |
|  clk_IBUF_BUFG | u_ram/memory_reg_15872_16127_8_8_i_1_n_0   |                               |                8 |             32 |         4.00 |
|  clk_IBUF_BUFG | u_ram/memory_reg_15872_16127_24_24_i_1_n_0 |                               |                8 |             32 |         4.00 |
|  clk_IBUF_BUFG | u_ram/memory_reg_15872_16127_16_16_i_1_n_0 |                               |                8 |             32 |         4.00 |
|  clk_IBUF_BUFG | u_ram/memory_reg_15872_16127_0_0_i_1_n_0   |                               |                8 |             32 |         4.00 |
|  clk_IBUF_BUFG | u_ram/memory_reg_256_511_8_8_i_1_n_0       |                               |                8 |             32 |         4.00 |
|  clk_IBUF_BUFG | u_ram/memory_reg_3328_3583_0_0_i_1_n_0     |                               |                8 |             32 |         4.00 |
|  clk_IBUF_BUFG | u_ram/memory_reg_3072_3327_24_24_i_1_n_0   |                               |                8 |             32 |         4.00 |
|  clk_IBUF_BUFG | u_ram/memory_reg_3072_3327_16_16_i_1_n_0   |                               |                8 |             32 |         4.00 |
|  clk_IBUF_BUFG | u_ram/memory_reg_3072_3327_0_0_i_1_n_0     |                               |                8 |             32 |         4.00 |
|  clk_IBUF_BUFG | u_ram/memory_reg_2816_3071_8_8_i_1_n_0     |                               |                8 |             32 |         4.00 |
|  clk_IBUF_BUFG | u_ram/memory_reg_2816_3071_24_24_i_1_n_0   |                               |                8 |             32 |         4.00 |
|  clk_IBUF_BUFG | u_ram/memory_reg_2816_3071_16_16_i_1_n_0   |                               |                8 |             32 |         4.00 |
|  clk_IBUF_BUFG | u_ram/memory_reg_2816_3071_0_0_i_1_n_0     |                               |                8 |             32 |         4.00 |
|  clk_IBUF_BUFG | u_ram/memory_reg_13568_13823_8_8_i_1_n_0   |                               |                8 |             32 |         4.00 |
|  clk_IBUF_BUFG | u_ram/memory_reg_256_511_24_24_i_1_n_0     |                               |                8 |             32 |         4.00 |
|  clk_IBUF_BUFG | u_ram/memory_reg_256_511_16_16_i_1_n_0     |                               |                8 |             32 |         4.00 |
|  clk_IBUF_BUFG | u_ram/memory_reg_256_511_0_0_i_1_n_0       |                               |                8 |             32 |         4.00 |
|  clk_IBUF_BUFG | u_ram/memory_reg_2560_2815_8_8_i_1_n_0     |                               |                8 |             32 |         4.00 |
|  clk_IBUF_BUFG | u_ram/memory_reg_2560_2815_24_24_i_1_n_0   |                               |                8 |             32 |         4.00 |
|  clk_IBUF_BUFG | u_ram/memory_reg_2560_2815_16_16_i_1_n_0   |                               |                8 |             32 |         4.00 |
|  clk_IBUF_BUFG | u_ram/memory_reg_2560_2815_0_0_i_1_n_0     |                               |                8 |             32 |         4.00 |
|  clk_IBUF_BUFG | u_ram/memory_reg_2304_2559_8_8_i_1_n_0     |                               |                8 |             32 |         4.00 |
|  clk_IBUF_BUFG | u_ram/memory_reg_14080_14335_8_8_i_1_n_0   |                               |                8 |             32 |         4.00 |
|  clk_IBUF_BUFG | u_ram/memory_reg_14848_15103_0_0_i_1_n_0   |                               |                8 |             32 |         4.00 |
|  clk_IBUF_BUFG | u_ram/memory_reg_14592_14847_8_8_i_1_n_0   |                               |                8 |             32 |         4.00 |
|  clk_IBUF_BUFG | u_ram/memory_reg_14592_14847_24_24_i_1_n_0 |                               |                8 |             32 |         4.00 |
|  clk_IBUF_BUFG | u_ram/memory_reg_14592_14847_16_16_i_1_n_0 |                               |                8 |             32 |         4.00 |
|  clk_IBUF_BUFG | u_ram/memory_reg_14592_14847_0_0_i_1_n_0   |                               |                8 |             32 |         4.00 |
|  clk_IBUF_BUFG | u_ram/memory_reg_14336_14591_8_8_i_1_n_0   |                               |                8 |             32 |         4.00 |
|  clk_IBUF_BUFG | u_ram/memory_reg_14336_14591_24_24_i_1_n_0 |                               |                8 |             32 |         4.00 |
|  clk_IBUF_BUFG | u_ram/memory_reg_14336_14591_16_16_i_1_n_0 |                               |                8 |             32 |         4.00 |
|  clk_IBUF_BUFG | u_ram/memory_reg_14336_14591_0_0_i_1_n_0   |                               |                8 |             32 |         4.00 |
|  clk_IBUF_BUFG | u_ram/memory_reg_15616_15871_24_24_i_1_n_0 |                               |                8 |             32 |         4.00 |
|  clk_IBUF_BUFG | u_ram/memory_reg_14080_14335_24_24_i_1_n_0 |                               |                8 |             32 |         4.00 |
|  clk_IBUF_BUFG | u_ram/memory_reg_14080_14335_16_16_i_1_n_0 |                               |                8 |             32 |         4.00 |
|  clk_IBUF_BUFG | u_ram/memory_reg_14080_14335_0_0_i_1_n_0   |                               |                8 |             32 |         4.00 |
|  clk_IBUF_BUFG | u_ram/memory_reg_13824_14079_8_8_i_1_n_0   |                               |                8 |             32 |         4.00 |
|  clk_IBUF_BUFG | u_ram/memory_reg_13824_14079_24_24_i_1_n_0 |                               |                8 |             32 |         4.00 |
|  clk_IBUF_BUFG | u_ram/memory_reg_13824_14079_16_16_i_1_n_0 |                               |                8 |             32 |         4.00 |
|  clk_IBUF_BUFG | u_ram/memory_reg_13824_14079_0_0_i_1_n_0   |                               |                8 |             32 |         4.00 |
|  clk_IBUF_BUFG | u_ram/memory_reg_13568_13823_24_24_i_1_n_0 |                               |                8 |             32 |         4.00 |
|  clk_IBUF_BUFG | u_ram/memory_reg_14848_15103_24_24_i_1_n_0 |                               |                8 |             32 |         4.00 |
|  clk_IBUF_BUFG | u_ram/memory_reg_15616_15871_8_8_i_1_n_0   |                               |                8 |             32 |         4.00 |
|  clk_IBUF_BUFG | u_ram/memory_reg_15616_15871_16_16_i_1_n_0 |                               |                8 |             32 |         4.00 |
|  clk_IBUF_BUFG | u_ram/memory_reg_15616_15871_0_0_i_1_n_0   |                               |                8 |             32 |         4.00 |
|  clk_IBUF_BUFG | u_ram/memory_reg_1536_1791_8_8_i_1_n_0     |                               |                8 |             32 |         4.00 |
|  clk_IBUF_BUFG | u_ram/memory_reg_1536_1791_24_24_i_1_n_0   |                               |                8 |             32 |         4.00 |
|  clk_IBUF_BUFG | u_ram/memory_reg_1536_1791_16_16_i_1_n_0   |                               |                8 |             32 |         4.00 |
|  clk_IBUF_BUFG | u_ram/memory_reg_1536_1791_0_0_i_1_n_0     |                               |                8 |             32 |         4.00 |
|  clk_IBUF_BUFG | u_ram/memory_reg_15360_15615_8_8_i_1_n_0   |                               |                8 |             32 |         4.00 |
|  clk_IBUF_BUFG | u_ram/memory_reg_15360_15615_24_24_i_1_n_0 |                               |                8 |             32 |         4.00 |
|  clk_IBUF_BUFG | u_ram/memory_reg_15360_15615_16_16_i_1_n_0 |                               |                8 |             32 |         4.00 |
|  clk_IBUF_BUFG | u_ram/memory_reg_15360_15615_0_0_i_1_n_0   |                               |                8 |             32 |         4.00 |
|  clk_IBUF_BUFG | u_ram/memory_reg_15104_15359_8_8_i_1_n_0   |                               |                8 |             32 |         4.00 |
|  clk_IBUF_BUFG | u_ram/memory_reg_15104_15359_24_24_i_1_n_0 |                               |                8 |             32 |         4.00 |
|  clk_IBUF_BUFG | u_ram/memory_reg_15104_15359_16_16_i_1_n_0 |                               |                8 |             32 |         4.00 |
|  clk_IBUF_BUFG | u_ram/memory_reg_15104_15359_0_0_i_1_n_0   |                               |                8 |             32 |         4.00 |
|  clk_IBUF_BUFG | u_ram/memory_reg_14848_15103_8_8_i_1_n_0   |                               |                8 |             32 |         4.00 |
|  clk_IBUF_BUFG | u_ram/memory_reg_14848_15103_16_16_i_1_n_0 |                               |                8 |             32 |         4.00 |
|  clk_IBUF_BUFG | u_alu/u_div/FSM_onehot_state_reg_n_0_[2]   | u_regfile/rst_n               |               16 |             64 |         4.00 |
|  clk_IBUF_BUFG | u_alu/u_div/count[0]                       | u_regfile/rst_n               |               22 |             70 |         3.18 |
|  clk_IBUF_BUFG | u_alu/u_div/ex_alu_op_reg[2]_0             | u_regfile/rst_n               |               31 |             84 |         2.71 |
|  clk_IBUF_BUFG | u_alu/u_div/ex_funct30                     | u_regfile/rst_n               |               25 |            128 |         5.12 |
|  clk_IBUF_BUFG |                                            | u_regfile/rst_n               |               82 |            212 |         2.59 |
|  clk_IBUF_BUFG | u_alu/u_div/ex_alu_op_reg[2]               | u_regfile/rst_n               |              189 |            277 |         1.47 |
+----------------+--------------------------------------------+-------------------------------+------------------+----------------+--------------+


