--- RISC-V ILS 模擬啟動 (Test 31 BIST Patch) ---
[EXEC   0] PC=0x000000, Inst=0x0001f137, Opcode=0x37
[EXEC   1] PC=0x000004, Inst=0x10000293, Opcode=0x13
[EXEC   2] PC=0x000008, Inst=0x30529073, Opcode=0x73
[EXEC   3] PC=0x00000c, Inst=0x381010ef, Opcode=0x6f
[EXEC   4] PC=0x001b8c, Inst=0xfe010113, Opcode=0x13
[EXEC   5] PC=0x001b90, Inst=0x00112e23, Opcode=0x23
[EXEC   6] PC=0x001b94, Inst=0x00812c23, Opcode=0x23
[EXEC   7] PC=0x001b98, Inst=0x02010413, Opcode=0x13
[EXEC   8] PC=0x001b9c, Inst=0x000027b7, Opcode=0x37
[EXEC   9] PC=0x001ba0, Inst=0x3a078513, Opcode=0x13
[EXEC  10] PC=0x001ba4, Inst=0xf74fe0ef, Opcode=0x6f
[EXEC  11] PC=0x000318, Inst=0xfe010113, Opcode=0x13
[EXEC  12] PC=0x00031c, Inst=0x00112e23, Opcode=0x23
[EXEC  13] PC=0x000320, Inst=0x00812c23, Opcode=0x23
[EXEC  14] PC=0x000324, Inst=0x02010413, Opcode=0x13
[EXEC  15] PC=0x000328, Inst=0xfea42623, Opcode=0x23
[EXEC  16] PC=0x00032c, Inst=0x01c0006f, Opcode=0x6f
[EXEC  17] PC=0x000348, Inst=0xfec42783, Opcode=0x03
[EXEC  18] PC=0x00034c, Inst=0x0007c783, Opcode=0x03
[EXEC  19] PC=0x000350, Inst=0xfe0790e3, Opcode=0x63

--- 最終暫存器狀態 ---
x00 (zero): 0x00000000  x01 (ra): 0x0000191c  x02 (sp): 0x0001efa0  x03 (gp): 0x00000000  
x04 (tp): 0x00000000  x05 (t0): 0x00000100  x06 (t1): 0x00000000  x07 (t2): 0x00000000  
x08 (s0): 0x0001efe0  x09 (s1): 0x00000000  x10 (a0): 0x00000064  x11 (a1): 0x0000219c  
x12 (a2): 0x0001efd0  x13 (a3): 0x0001efd0  x14 (a4): 0x00000000  x15 (a5): 0x00000000  
x16 (a6): 0x00000000  x17 (a7): 0x00000000  x18 (s2): 0x00000000  x19 (s3): 0x00000000  
x20 (s4): 0x00000000  x21 (s5): 0x00000000  x22 (s6): 0x00000000  x23 (s7): 0x00000000  
x24 (s8): 0x00000000  x25 (s9): 0x00000000  x26 (s10): 0x00000000  x27 (s11): 0x00000000  
x28 (t3): 0x00000000  x29 (t4): 0x00000000  x30 (t5): 0x00000000  x31 (t6): 0x00000000  

--- CSR 寄存器狀態 ---
mstatus: 0x00000000
misa: 0x40001100
mie: 0x00010080
mtvec: 0x00000100
mscratch: 0x12345678
mepc: 0x000013d0
mcause: 0x80000007
mtval: 0x00000000
mip: 0x00000000

UART 最終輸出: "

=== BearCore-V 30-in-1 Test Suite ===

--- Main Menu ---
1. Basic Logic (Tests 1-5)
2. Control Flow (Tests 6-8)
3. Memory (Tests 9-11)
4. Mul/Div (Tests 12-15)
5. Algorithms (Tests 16-20)
6. String/Ptr (Tests 21-23)
7. CSR/Sys (Tests 24-26)
8. Interrupts (Test 27)
9. Polling RX (Test 28 - Press 'k')
0. Run All Remaining (Tests 29-30)
a. Run ALL Tests Automatically
b. UART Hardware BIST (Test 31)
c. UART RX/TX interrupt (Test 32)
Select Test: 
a


=== Test 32: UART Full-Duplex Interrupt ===
[Phase 1] RX Test: Press ANY key...
 -> [PASS] RX Interrupt triggered! Got: a
[Phase 2] TX Test: Sending 'Q' and waiting for Done IRQ...
Q
 -> [PASS] TX Interrupt triggered!
 [PASS] UART Full Interrupts
 [PASS] ADD/SUB
 [PASS] AND/OR/XOR
 [PASS] SLL/SRL
 [PASS] SLT (Set Less Than)
 [PASS] LUI (Large Constant)
 [PASS] BEQ/BNE
 [PASS] Recursion (JAL/Stack)
 [PASS] Loop Control
 [PASS] SW/LW (Word Access)
 [PASS] SB/LB (Byte Access)
 [PASS] Array Traversal
 [PASS] MUL (Multiplication)
 [PASS] MULH (64-bit result)
 [PASS] DIV (Division)
 [PASS] REM (Remainder)
 [PASS] Factorial (6!)
 [PASS] Fibonacci (10th)
 [PASS] GCD (Euclidean Algo)
 [PASS] Prime Check (29 is prime)
 [PASS] Bubble Sort
 [PASS] String Length
 [PASS] String Compare
 [PASS] Little Endian Check
 [PASS] CSR R/W (mscratch)
 [PASS] Timer Increment
 [PASS] ECALL Trap
Waiting for IRQ... [IRQ Received!]  [PASS] Timer Interrupt
 [PASS] Matrix Mul
 [PASS] Stack Stress (Survived All)

[Test 31] UART Hardware BIST Start...
Wait for hardware string to loop back...
"
總週期數: 300000
總指令數: 300000
