#-----------------------------------------------------------
# Vivado v2025.2 (64-bit)
# SW Build 6299465 on Fri Nov 14 12:34:56 MST 2025
# IP Build 6300035 on Fri Nov 14 10:48:45 MST 2025
# SharedData Build 6298862 on Thu Nov 13 04:50:51 MST 2025
# Start of session at: Tue Dec 30 23:10:07 2025
# Process ID         : 308610
# Current directory  : /home/jiakuan/projects/my_riscv_core
# Command line       : vivado -mode batch -source run_vivado.tcl
# Log file           : /home/jiakuan/projects/my_riscv_core/vivado.log
# Journal file       : /home/jiakuan/projects/my_riscv_core/vivado.jou
# Running On         : LAPTOP-313KSBNJ
# Platform           : Ubuntu
# Operating System   : Ubuntu 20.04.6 LTS
# Processor Detail   : Intel(R) Core(TM) i7-9750H CPU @ 2.60GHz
# CPU Frequency      : 2591.999 MHz
# CPU Physical cores : 2
# CPU Logical cores  : 4
# Host memory        : 12544 MB
# Swap memory        : 17179 MB
# Total Virtual      : 29724 MB
# Available Virtual  : 27614 MB
#-----------------------------------------------------------
