
*** Running vivado
    with args -log core.vds -m64 -product Vivado -mode batch -messageDb vivado.pb -notrace -source core.tcl


****** Vivado v2025.2 (64-bit)
  **** SW Build 6299465 on Fri Nov 14 12:34:56 MST 2025
  **** IP Build 6300035 on Fri Nov 14 10:48:45 MST 2025
  **** SharedData Build 6298862 on Thu Nov 13 04:50:51 MST 2025
  **** Start of session at: Wed Dec 31 00:07:32 2025
    ** Copyright 1986-2022 Xilinx, Inc. All Rights Reserved.
    ** Copyright 2022-2025 Advanced Micro Devices, Inc. All Rights Reserved.

source core.tcl -notrace
create_project: Time (s): cpu = 00:00:09 ; elapsed = 00:00:39 . Memory (MB): peak = 1548.859 ; gain = 79.055 ; free physical = 8290 ; free virtual = 25492
Command: synth_design -top core -part xc7a35tcpg236-1
Starting synth_design
Attempting to get a license for feature 'Synthesis' and/or device 'xc7a35t'
INFO: [Common 17-349] Got license for feature 'Synthesis' and/or device 'xc7a35t'
INFO: [Device 21-403] Loading part xc7a35tcpg236-1
INFO: [Synth 8-7079] Multithreading enabled for synth_design using a maximum of 7 processes.
INFO: [Synth 8-7078] Launching helper process for spawning children vivado processes
INFO: [Synth 8-7075] Helper process launched with PID 319793
---------------------------------------------------------------------------------
Starting RTL Elaboration : Time (s): cpu = 00:00:04 ; elapsed = 00:00:06 . Memory (MB): peak = 2182.133 ; gain = 481.156 ; free physical = 7635 ; free virtual = 24849
---------------------------------------------------------------------------------
WARNING: [Synth 8-11065] parameter 'BIT_PERIOD' becomes localparam in 'uart_tx' with formal parameter declaration list [/home/jiakuan/projects/my_riscv_core/src/uart_tx.v:14]
INFO: [Synth 8-11241] undeclared symbol 'is_rom_data_access', assumed default net type 'wire' [/home/jiakuan/projects/my_riscv_core/src/core.v:599]
WARNING: [Synth 8-6901] identifier 'uart_rx_ready' is used before its declaration [/home/jiakuan/projects/my_riscv_core/src/core.v:83]
WARNING: [Synth 8-6901] identifier 'reg_uart_ie' is used before its declaration [/home/jiakuan/projects/my_riscv_core/src/core.v:83]
WARNING: [Synth 8-6901] identifier 'reg_uart_ie' is used before its declaration [/home/jiakuan/projects/my_riscv_core/src/core.v:84]
WARNING: [Synth 8-6901] identifier 'tx_test_en' is used before its declaration [/home/jiakuan/projects/my_riscv_core/src/core.v:86]
WARNING: [Synth 8-6901] identifier 'mstatus_mie' is used before its declaration [/home/jiakuan/projects/my_riscv_core/src/core.v:86]
WARNING: [Synth 8-6901] identifier 'timer_int_final' is used before its declaration [/home/jiakuan/projects/my_riscv_core/src/core.v:88]
WARNING: [Synth 8-6901] identifier 'mem_is_uart_ie' is used before its declaration [/home/jiakuan/projects/my_riscv_core/src/core.v:184]
WARNING: [Synth 8-6901] identifier 'mem_final_rdata' is used before its declaration [/home/jiakuan/projects/my_riscv_core/src/core.v:429]
WARNING: [Synth 8-6901] identifier 'csr_rdata_forwarded' is used before its declaration [/home/jiakuan/projects/my_riscv_core/src/core.v:431]
INFO: [Synth 8-6157] synthesizing module 'core' [/home/jiakuan/projects/my_riscv_core/src/core.v:1]
INFO: [Synth 8-6157] synthesizing module 'uart_rx' [/home/jiakuan/projects/my_riscv_core/src/uart_rx.v:1]
	Parameter CLK_FREQ bound to: 100000000 - type: integer 
	Parameter BAUD_RATE bound to: 1152000 - type: integer 
INFO: [Synth 8-226] default block is never used [/home/jiakuan/projects/my_riscv_core/src/uart_rx.v:50]
INFO: [Synth 8-6155] done synthesizing module 'uart_rx' (0#1) [/home/jiakuan/projects/my_riscv_core/src/uart_rx.v:1]
INFO: [Synth 8-6157] synthesizing module 'rom' [/home/jiakuan/projects/my_riscv_core/src/rom.v:1]
WARNING: [Synth 8-11581] system function call 'test$plusargs' not supported [/home/jiakuan/projects/my_riscv_core/src/rom.v:28]
INFO: [Synth 8-3876] $readmem data file 'firmware.hex' is read successfully [/home/jiakuan/projects/my_riscv_core/src/rom.v:31]
WARNING: [Synth 8-11581] system function call 'test$plusargs' not supported [/home/jiakuan/projects/my_riscv_core/src/rom.v:34]
INFO: [Synth 8-6155] done synthesizing module 'rom' (0#1) [/home/jiakuan/projects/my_riscv_core/src/rom.v:1]
INFO: [Synth 8-6157] synthesizing module 'decoder' [/home/jiakuan/projects/my_riscv_core/src/decoder.v:1]
INFO: [Synth 8-226] default block is never used [/home/jiakuan/projects/my_riscv_core/src/decoder.v:193]
INFO: [Synth 8-6155] done synthesizing module 'decoder' (0#1) [/home/jiakuan/projects/my_riscv_core/src/decoder.v:1]
INFO: [Synth 8-6157] synthesizing module 'csr_registers' [/home/jiakuan/projects/my_riscv_core/src/csr_registers.v:1]
INFO: [Synth 8-6155] done synthesizing module 'csr_registers' (0#1) [/home/jiakuan/projects/my_riscv_core/src/csr_registers.v:1]
INFO: [Synth 8-6157] synthesizing module 'reg_file' [/home/jiakuan/projects/my_riscv_core/src/reg_file.v:1]
INFO: [Synth 8-6155] done synthesizing module 'reg_file' (0#1) [/home/jiakuan/projects/my_riscv_core/src/reg_file.v:1]
INFO: [Synth 8-6157] synthesizing module 'alu' [/home/jiakuan/projects/my_riscv_core/src/alu.v:1]
INFO: [Synth 8-6157] synthesizing module 'div_unit' [/home/jiakuan/projects/my_riscv_core/src/div_unit.v:1]
INFO: [Synth 8-226] default block is never used [/home/jiakuan/projects/my_riscv_core/src/div_unit.v:53]
INFO: [Synth 8-6155] done synthesizing module 'div_unit' (0#1) [/home/jiakuan/projects/my_riscv_core/src/div_unit.v:1]
INFO: [Synth 8-226] default block is never used [/home/jiakuan/projects/my_riscv_core/src/alu.v:67]
INFO: [Synth 8-6155] done synthesizing module 'alu' (0#1) [/home/jiakuan/projects/my_riscv_core/src/alu.v:1]
WARNING: [Synth 8-7071] port 'funct7' of module 'alu' is unconnected for instance 'u_alu' [/home/jiakuan/projects/my_riscv_core/src/core.v:445]
WARNING: [Synth 8-7023] instance 'u_alu' of module 'alu' has 11 connections declared, but only 10 given [/home/jiakuan/projects/my_riscv_core/src/core.v:445]
INFO: [Synth 8-6157] synthesizing module 'data_ram' [/home/jiakuan/projects/my_riscv_core/src/data_ram.v:1]
INFO: [Synth 8-155] case statement is not full and has no default [/home/jiakuan/projects/my_riscv_core/src/data_ram.v:59]
INFO: [Synth 8-6155] done synthesizing module 'data_ram' (0#1) [/home/jiakuan/projects/my_riscv_core/src/data_ram.v:1]
INFO: [Synth 8-6157] synthesizing module 'uart_tx' [/home/jiakuan/projects/my_riscv_core/src/uart_tx.v:1]
	Parameter CLK_FREQ bound to: 100000000 - type: integer 
	Parameter BAUD_RATE bound to: 1152000 - type: integer 
INFO: [Synth 8-6155] done synthesizing module 'uart_tx' (0#1) [/home/jiakuan/projects/my_riscv_core/src/uart_tx.v:1]
INFO: [Synth 8-6155] done synthesizing module 'core' (0#1) [/home/jiakuan/projects/my_riscv_core/src/core.v:1]
WARNING: [Synth 8-6014] Unused sequential element temp_a_reg was removed.  [/home/jiakuan/projects/my_riscv_core/src/div_unit.v:49]
WARNING: [Synth 8-7137] Register tx_data_reg in module uart_tx has both Set and reset with same priority. This may cause simulation mismatches. Consider rewriting code  [/home/jiakuan/projects/my_riscv_core/src/uart_tx.v:51]
WARNING: [Synth 8-6014] Unused sequential element ex_is_lui_reg was removed.  [/home/jiakuan/projects/my_riscv_core/src/core.v:381]
WARNING: [Synth 8-6014] Unused sequential element ex_is_system_reg was removed.  [/home/jiakuan/projects/my_riscv_core/src/core.v:385]
WARNING: [Synth 8-6014] Unused sequential element mem_is_system_reg was removed.  [/home/jiakuan/projects/my_riscv_core/src/core.v:480]
WARNING: [Synth 8-6014] Unused sequential element cycle_cnt_reg was removed.  [/home/jiakuan/projects/my_riscv_core/src/core.v:566]
WARNING: [Synth 8-6014] Unused sequential element inst_cnt_reg was removed.  [/home/jiakuan/projects/my_riscv_core/src/core.v:566]
WARNING: [Synth 8-6014] Unused sequential element wb_is_system_reg was removed.  [/home/jiakuan/projects/my_riscv_core/src/core.v:669]
WARNING: [Synth 8-6014] Unused sequential element wb_csr_op_reg was removed.  [/home/jiakuan/projects/my_riscv_core/src/core.v:670]
WARNING: [Synth 8-6014] Unused sequential element wb_csr_use_imm_reg was removed.  [/home/jiakuan/projects/my_riscv_core/src/core.v:671]
WARNING: [Synth 8-6014] Unused sequential element wb_valid_reg was removed.  [/home/jiakuan/projects/my_riscv_core/src/core.v:673]
WARNING: [Synth 8-7137] Register ex_imm_reg in module core has both Set and reset with same priority. This may cause simulation mismatches. Consider rewriting code  [/home/jiakuan/projects/my_riscv_core/src/core.v:411]
WARNING: [Synth 8-7137] Register ex_rs1_addr_reg in module core has both Set and reset with same priority. This may cause simulation mismatches. Consider rewriting code  [/home/jiakuan/projects/my_riscv_core/src/core.v:412]
WARNING: [Synth 8-7137] Register ex_rs2_addr_reg in module core has both Set and reset with same priority. This may cause simulation mismatches. Consider rewriting code  [/home/jiakuan/projects/my_riscv_core/src/core.v:412]
WARNING: [Synth 8-7137] Register ex_alu_src_b_reg in module core has both Set and reset with same priority. This may cause simulation mismatches. Consider rewriting code  [/home/jiakuan/projects/my_riscv_core/src/core.v:414]
WARNING: [Synth 8-7137] Register ex_rdata1_reg in module core has both Set and reset with same priority. This may cause simulation mismatches. Consider rewriting code  [/home/jiakuan/projects/my_riscv_core/src/core.v:418]
WARNING: [Synth 8-7137] Register ex_rdata2_reg in module core has both Set and reset with same priority. This may cause simulation mismatches. Consider rewriting code  [/home/jiakuan/projects/my_riscv_core/src/core.v:418]
WARNING: [Synth 8-7137] Register mem_csr_wdata_reg in module core has both Set and reset with same priority. This may cause simulation mismatches. Consider rewriting code  [/home/jiakuan/projects/my_riscv_core/src/core.v:503]
WARNING: [Synth 8-7129] Port addr[31] in module data_ram is either unconnected or has no load
WARNING: [Synth 8-7129] Port addr[30] in module data_ram is either unconnected or has no load
WARNING: [Synth 8-7129] Port addr[29] in module data_ram is either unconnected or has no load
WARNING: [Synth 8-7129] Port addr[28] in module data_ram is either unconnected or has no load
WARNING: [Synth 8-7129] Port addr[27] in module data_ram is either unconnected or has no load
WARNING: [Synth 8-7129] Port addr[26] in module data_ram is either unconnected or has no load
WARNING: [Synth 8-7129] Port addr[25] in module data_ram is either unconnected or has no load
WARNING: [Synth 8-7129] Port addr[24] in module data_ram is either unconnected or has no load
WARNING: [Synth 8-7129] Port addr[23] in module data_ram is either unconnected or has no load
WARNING: [Synth 8-7129] Port addr[22] in module data_ram is either unconnected or has no load
WARNING: [Synth 8-7129] Port addr[21] in module data_ram is either unconnected or has no load
WARNING: [Synth 8-7129] Port addr[20] in module data_ram is either unconnected or has no load
WARNING: [Synth 8-7129] Port addr[19] in module data_ram is either unconnected or has no load
WARNING: [Synth 8-7129] Port addr[18] in module data_ram is either unconnected or has no load
WARNING: [Synth 8-7129] Port addr[17] in module data_ram is either unconnected or has no load
WARNING: [Synth 8-7129] Port addr[16] in module data_ram is either unconnected or has no load
WARNING: [Synth 8-7129] Port funct3[2] in module alu is either unconnected or has no load
WARNING: [Synth 8-7129] Port funct3[1] in module alu is either unconnected or has no load
WARNING: [Synth 8-7129] Port funct7[6] in module alu is either unconnected or has no load
WARNING: [Synth 8-7129] Port funct7[5] in module alu is either unconnected or has no load
WARNING: [Synth 8-7129] Port funct7[4] in module alu is either unconnected or has no load
WARNING: [Synth 8-7129] Port funct7[3] in module alu is either unconnected or has no load
WARNING: [Synth 8-7129] Port funct7[2] in module alu is either unconnected or has no load
WARNING: [Synth 8-7129] Port funct7[1] in module alu is either unconnected or has no load
WARNING: [Synth 8-7129] Port funct7[0] in module alu is either unconnected or has no load
WARNING: [Synth 8-7129] Port csr_op[1] in module csr_registers is either unconnected or has no load
WARNING: [Synth 8-7129] Port csr_op[0] in module csr_registers is either unconnected or has no load
WARNING: [Synth 8-7129] Port csr_use_imm in module csr_registers is either unconnected or has no load
---------------------------------------------------------------------------------
Finished RTL Elaboration : Time (s): cpu = 00:00:07 ; elapsed = 00:00:10 . Memory (MB): peak = 2316.344 ; gain = 615.367 ; free physical = 7235 ; free virtual = 24460
---------------------------------------------------------------------------------
---------------------------------------------------------------------------------
Start Handling Custom Attributes
---------------------------------------------------------------------------------
---------------------------------------------------------------------------------
Finished Handling Custom Attributes : Time (s): cpu = 00:00:07 ; elapsed = 00:00:10 . Memory (MB): peak = 2334.156 ; gain = 633.180 ; free physical = 7173 ; free virtual = 24399
---------------------------------------------------------------------------------
---------------------------------------------------------------------------------
Finished RTL Optimization Phase 1 : Time (s): cpu = 00:00:07 ; elapsed = 00:00:10 . Memory (MB): peak = 2334.156 ; gain = 633.180 ; free physical = 7173 ; free virtual = 24399
---------------------------------------------------------------------------------
Netlist sorting complete. Time (s): cpu = 00:00:00.03 ; elapsed = 00:00:00.03 . Memory (MB): peak = 2334.156 ; gain = 0.000 ; free physical = 7304 ; free virtual = 24531
INFO: [Project 1-570] Preparing netlist for logic optimization

Processing XDC Constraints
Initializing timing engine
Parsing XDC File [/home/jiakuan/projects/my_riscv_core/constraints.xdc]
Finished Parsing XDC File [/home/jiakuan/projects/my_riscv_core/constraints.xdc]
INFO: [Project 1-236] Implementation specific constraints were found while reading constraint file [/home/jiakuan/projects/my_riscv_core/constraints.xdc]. These constraints will be ignored for synthesis but will be used in implementation. Impacted constraints are listed in the file [.Xil/core_propImpl.xdc].
Resolution: To avoid this warning, move constraints listed in [.Xil/core_propImpl.xdc] to another XDC file and exclude this new file from synthesis with the used_in_synthesis property (File Properties dialog in GUI) and re-run elaboration/synthesis.
Completed Processing XDC Constraints

Netlist sorting complete. Time (s): cpu = 00:00:00 ; elapsed = 00:00:00 . Memory (MB): peak = 2438.926 ; gain = 0.000 ; free physical = 7266 ; free virtual = 24505
INFO: [Project 1-111] Unisim Transformation Summary:
No Unisim elements were transformed.

Constraint Validation Runtime : Time (s): cpu = 00:00:00.01 ; elapsed = 00:00:00.01 . Memory (MB): peak = 2438.961 ; gain = 0.000 ; free physical = 7265 ; free virtual = 24505
---------------------------------------------------------------------------------
Finished Constraint Validation : Time (s): cpu = 00:00:14 ; elapsed = 00:00:19 . Memory (MB): peak = 2438.961 ; gain = 737.984 ; free physical = 7256 ; free virtual = 24497
---------------------------------------------------------------------------------
---------------------------------------------------------------------------------
Start Loading Part and Timing Information
---------------------------------------------------------------------------------
Loading part: xc7a35tcpg236-1
---------------------------------------------------------------------------------
Finished Loading Part and Timing Information : Time (s): cpu = 00:00:14 ; elapsed = 00:00:19 . Memory (MB): peak = 2446.930 ; gain = 745.953 ; free physical = 7256 ; free virtual = 24497
---------------------------------------------------------------------------------
---------------------------------------------------------------------------------
Start Applying 'set_property' XDC Constraints
---------------------------------------------------------------------------------
---------------------------------------------------------------------------------
Finished applying 'set_property' XDC Constraints : Time (s): cpu = 00:00:14 ; elapsed = 00:00:19 . Memory (MB): peak = 2446.930 ; gain = 745.953 ; free physical = 7256 ; free virtual = 24497
---------------------------------------------------------------------------------
INFO: [Synth 8-802] inferred FSM for state register 'state_reg' in module 'uart_rx'
INFO: [Synth 8-802] inferred FSM for state register 'state_reg' in module 'div_unit'
---------------------------------------------------------------------------------------------------
                   State |                     New Encoding |                Previous Encoding 
---------------------------------------------------------------------------------------------------
                    IDLE |                               00 |                               00
                   START |                               01 |                               01
                    DATA |                               10 |                               10
                    STOP |                               11 |                               11
---------------------------------------------------------------------------------------------------
INFO: [Synth 8-3354] encoded FSM with state register 'state_reg' using encoding 'sequential' in module 'uart_rx'
---------------------------------------------------------------------------------------------------
                   State |                     New Encoding |                Previous Encoding 
---------------------------------------------------------------------------------------------------
                    IDLE |                             0001 |                               00
                    CALC |                             0010 |                               01
                SIGN_FIX |                             0100 |                               10
                    DONE |                             1000 |                               11
---------------------------------------------------------------------------------------------------
INFO: [Synth 8-3354] encoded FSM with state register 'state_reg' using encoding 'one-hot' in module 'div_unit'
---------------------------------------------------------------------------------
Finished RTL Optimization Phase 2 : Time (s): cpu = 00:00:16 ; elapsed = 00:00:21 . Memory (MB): peak = 2446.930 ; gain = 745.953 ; free physical = 7238 ; free virtual = 24486
---------------------------------------------------------------------------------
---------------------------------------------------------------------------------
Start RTL Component Statistics 
---------------------------------------------------------------------------------
Detailed RTL Component Info : 
+---Adders : 
	   2 Input   64 Bit       Adders := 1     
	   2 Input   32 Bit       Adders := 10    
	   3 Input   32 Bit       Adders := 2     
	   2 Input    7 Bit       Adders := 1     
	   2 Input    6 Bit       Adders := 1     
	   2 Input    4 Bit       Adders := 2     
	   2 Input    3 Bit       Adders := 1     
+---XORs : 
	   2 Input     32 Bit         XORs := 1     
	   2 Input      1 Bit         XORs := 1     
+---Registers : 
	               64 Bit    Registers := 2     
	               32 Bit    Registers := 58    
	               16 Bit    Registers := 1     
	               12 Bit    Registers := 3     
	                8 Bit    Registers := 2     
	                6 Bit    Registers := 1     
	                5 Bit    Registers := 5     
	                4 Bit    Registers := 3     
	                3 Bit    Registers := 3     
	                2 Bit    Registers := 2     
	                1 Bit    Registers := 35    
+---Multipliers : 
	              32x32  Multipliers := 1     
	              32x33  Multipliers := 1     
+---RAMs : 
	             512K Bit	(16384 X 32 bit)          RAMs := 1     
+---Muxes : 
	   2 Input   64 Bit        Muxes := 3     
	   4 Input   64 Bit        Muxes := 1     
	   4 Input   32 Bit        Muxes := 4     
	   2 Input   32 Bit        Muxes := 43    
	   6 Input   32 Bit        Muxes := 1     
	   5 Input   32 Bit        Muxes := 1     
	   2 Input   16 Bit        Muxes := 2     
	   2 Input   12 Bit        Muxes := 1     
	   4 Input    8 Bit        Muxes := 3     
	  16 Input    8 Bit        Muxes := 1     
	   2 Input    8 Bit        Muxes := 1     
	   2 Input    7 Bit        Muxes := 2     
	   4 Input    6 Bit        Muxes := 1     
	   2 Input    5 Bit        Muxes := 3     
	   7 Input    4 Bit        Muxes := 1     
	   2 Input    4 Bit        Muxes := 12    
	   8 Input    4 Bit        Muxes := 1     
	   4 Input    4 Bit        Muxes := 1     
	   4 Input    3 Bit        Muxes := 1     
	   2 Input    3 Bit        Muxes := 1     
	   4 Input    2 Bit        Muxes := 1     
	   2 Input    2 Bit        Muxes := 2     
	   8 Input    2 Bit        Muxes := 1     
	   2 Input    1 Bit        Muxes := 68    
	   4 Input    1 Bit        Muxes := 12    
	   7 Input    1 Bit        Muxes := 1     
	  15 Input    1 Bit        Muxes := 2     
---------------------------------------------------------------------------------
Finished RTL Component Statistics 
---------------------------------------------------------------------------------
---------------------------------------------------------------------------------
Start Part Resource Summary
---------------------------------------------------------------------------------
Part Resources:
DSPs: 90 (col length:60)
BRAMs: 100 (col length: RAMB18 60 RAMB36 30)
---------------------------------------------------------------------------------
Finished Part Resource Summary
---------------------------------------------------------------------------------
---------------------------------------------------------------------------------
Start Cross Boundary and Area Optimization
---------------------------------------------------------------------------------
DSP Report: Generating DSP full_mul_ss, operation Mode is: A*B.
DSP Report: operator full_mul_ss is absorbed into DSP full_mul_ss.
DSP Report: operator full_mul_ss is absorbed into DSP full_mul_ss.
DSP Report: Generating DSP full_mul_ss, operation Mode is: (PCIN>>17)+A*B.
DSP Report: operator full_mul_ss is absorbed into DSP full_mul_ss.
DSP Report: operator full_mul_ss is absorbed into DSP full_mul_ss.
DSP Report: Generating DSP full_mul_ss, operation Mode is: A*B.
DSP Report: operator full_mul_ss is absorbed into DSP full_mul_ss.
DSP Report: operator full_mul_ss is absorbed into DSP full_mul_ss.
DSP Report: Generating DSP full_mul_ss, operation Mode is: (PCIN>>17)+A*B.
DSP Report: operator full_mul_ss is absorbed into DSP full_mul_ss.
DSP Report: operator full_mul_ss is absorbed into DSP full_mul_ss.
DSP Report: Generating DSP full_mul_uu, operation Mode is: A*B.
DSP Report: operator full_mul_uu is absorbed into DSP full_mul_uu.
DSP Report: operator full_mul_uu is absorbed into DSP full_mul_uu.
DSP Report: Generating DSP full_mul_uu, operation Mode is: (PCIN>>17)+A*B.
DSP Report: operator full_mul_uu is absorbed into DSP full_mul_uu.
DSP Report: operator full_mul_uu is absorbed into DSP full_mul_uu.
DSP Report: Generating DSP full_mul_uu, operation Mode is: A*B.
DSP Report: operator full_mul_uu is absorbed into DSP full_mul_uu.
DSP Report: operator full_mul_uu is absorbed into DSP full_mul_uu.
DSP Report: Generating DSP full_mul_uu, operation Mode is: (PCIN>>17)+A*B.
DSP Report: operator full_mul_uu is absorbed into DSP full_mul_uu.
DSP Report: operator full_mul_uu is absorbed into DSP full_mul_uu.
DSP Report: Generating DSP full_mul_su, operation Mode is: A*B.
DSP Report: operator full_mul_su is absorbed into DSP full_mul_su.
DSP Report: operator full_mul_su is absorbed into DSP full_mul_su.
DSP Report: Generating DSP full_mul_su, operation Mode is: (PCIN>>17)+A*B.
DSP Report: operator full_mul_su is absorbed into DSP full_mul_su.
DSP Report: operator full_mul_su is absorbed into DSP full_mul_su.
DSP Report: Generating DSP full_mul_su, operation Mode is: A*B.
DSP Report: operator full_mul_su is absorbed into DSP full_mul_su.
DSP Report: operator full_mul_su is absorbed into DSP full_mul_su.
DSP Report: Generating DSP full_mul_su, operation Mode is: (PCIN>>17)+A*B.
DSP Report: operator full_mul_su is absorbed into DSP full_mul_su.
DSP Report: operator full_mul_su is absorbed into DSP full_mul_su.
WARNING: [Synth 8-7129] Port addr[31] in module data_ram is either unconnected or has no load
WARNING: [Synth 8-7129] Port addr[30] in module data_ram is either unconnected or has no load
WARNING: [Synth 8-7129] Port addr[29] in module data_ram is either unconnected or has no load
WARNING: [Synth 8-7129] Port addr[28] in module data_ram is either unconnected or has no load
WARNING: [Synth 8-7129] Port addr[27] in module data_ram is either unconnected or has no load
WARNING: [Synth 8-7129] Port addr[26] in module data_ram is either unconnected or has no load
WARNING: [Synth 8-7129] Port addr[25] in module data_ram is either unconnected or has no load
WARNING: [Synth 8-7129] Port addr[24] in module data_ram is either unconnected or has no load
WARNING: [Synth 8-7129] Port addr[23] in module data_ram is either unconnected or has no load
WARNING: [Synth 8-7129] Port addr[22] in module data_ram is either unconnected or has no load
WARNING: [Synth 8-7129] Port addr[21] in module data_ram is either unconnected or has no load
WARNING: [Synth 8-7129] Port addr[20] in module data_ram is either unconnected or has no load
WARNING: [Synth 8-7129] Port addr[19] in module data_ram is either unconnected or has no load
WARNING: [Synth 8-7129] Port addr[18] in module data_ram is either unconnected or has no load
WARNING: [Synth 8-7129] Port addr[17] in module data_ram is either unconnected or has no load
WARNING: [Synth 8-7129] Port addr[16] in module data_ram is either unconnected or has no load
WARNING: [Synth 8-7129] Port funct3[2] in module alu is either unconnected or has no load
WARNING: [Synth 8-7129] Port funct3[1] in module alu is either unconnected or has no load
WARNING: [Synth 8-7129] Port funct7[6] in module alu is either unconnected or has no load
WARNING: [Synth 8-7129] Port funct7[5] in module alu is either unconnected or has no load
WARNING: [Synth 8-7129] Port funct7[4] in module alu is either unconnected or has no load
WARNING: [Synth 8-7129] Port funct7[3] in module alu is either unconnected or has no load
WARNING: [Synth 8-7129] Port funct7[2] in module alu is either unconnected or has no load
WARNING: [Synth 8-7129] Port funct7[1] in module alu is either unconnected or has no load
WARNING: [Synth 8-7129] Port funct7[0] in module alu is either unconnected or has no load
WARNING: [Synth 8-7129] Port csr_op[1] in module csr_registers is either unconnected or has no load
WARNING: [Synth 8-7129] Port csr_op[0] in module csr_registers is either unconnected or has no load
WARNING: [Synth 8-7129] Port csr_use_imm in module csr_registers is either unconnected or has no load
WARNING: [Synth 8-7129] Port addr[1] in module rom is either unconnected or has no load
WARNING: [Synth 8-7129] Port addr[0] in module rom is either unconnected or has no load
WARNING: [Synth 8-7129] Port data_addr[1] in module rom is either unconnected or has no load
WARNING: [Synth 8-7129] Port data_addr[0] in module rom is either unconnected or has no load
WARNING: [Synth 8-6850] RAM (memory_reg) has partial Byte Wide Write Enable pattern with ram_style = "block", however no output register found in fanout of RAM. Recommended to use supported Byte Wide Write Enable template. 
WARNING: [Synth 8-6849] Infeasible attribute ram_style = "block" set for RAM "u_ram/memory_reg",trying to implement using LUTRAM
WARNING: [Synth 8-6849] Infeasible attribute ram_style = "block" set for RAM "u_ram/memory_reg",trying to implement using LUTRAM
---------------------------------------------------------------------------------
Finished Cross Boundary and Area Optimization : Time (s): cpu = 00:02:11 ; elapsed = 00:02:17 . Memory (MB): peak = 2747.930 ; gain = 1046.953 ; free physical = 6876 ; free virtual = 24144
---------------------------------------------------------------------------------
 Sort Area is  full_mul_su_0 : 0 0 : 3101 5879 : Used 1 time 0
 Sort Area is  full_mul_su_0 : 0 1 : 2778 5879 : Used 1 time 0
 Sort Area is  full_mul_uu_6 : 0 0 : 3101 5879 : Used 1 time 0
 Sort Area is  full_mul_uu_6 : 0 1 : 2778 5879 : Used 1 time 0
 Sort Area is  full_mul_uu_7 : 0 0 : 2759 5418 : Used 1 time 0
 Sort Area is  full_mul_uu_7 : 0 1 : 2659 5418 : Used 1 time 0
 Sort Area is  full_mul_ss_a : 0 0 : 3101 5261 : Used 1 time 0
 Sort Area is  full_mul_ss_a : 0 1 : 2160 5261 : Used 1 time 0
 Sort Area is  full_mul_su_3 : 0 0 : 2634 5177 : Used 1 time 0
 Sort Area is  full_mul_su_3 : 0 1 : 2543 5177 : Used 1 time 0
 Sort Area is  full_mul_ss_c : 0 0 : 2634 4434 : Used 1 time 0
 Sort Area is  full_mul_ss_c : 0 1 : 1800 4434 : Used 1 time 0
---------------------------------------------------------------------------------
Start ROM, RAM, DSP, Shift Register and Retiming Reporting
---------------------------------------------------------------------------------

ROM: Preliminary Mapping Report
+------------+------------+---------------+----------------+
|Module Name | RTL Object | Depth x Width | Implemented As | 
+------------+------------+---------------+----------------+
|rom         | mem        | 16384x32      | LUT            | 
|rom         | mem        | 16384x32      | LUT            | 
|rom         | p_0_out    | 16384x32      | LUT            | 
+------------+------------+---------------+----------------+


Distributed RAM: Preliminary Mapping Report (see note below)
+------------+------------+-----------+----------------------+-------------------+
|Module Name | RTL Object | Inference | Size (Depth x Width) | Primitives        | 
+------------+------------+-----------+----------------------+-------------------+
|u_ram       | memory_reg | Implied   | 16 K x 32            | RAM256X1S x 2048  | 
+------------+------------+-----------+----------------------+-------------------+

Note: The table above is a preliminary report that shows the Distributed RAMs at the current stage of the synthesis flow. Some Distributed RAMs may be reimplemented as non Distributed RAM primitives later in the synthesis flow. Multiple instantiated RAMs are reported only once.

DSP: Preliminary Mapping Report (see note below. The ' indicates corresponding REG is set)
+------------+----------------+--------+--------+--------+--------+--------+------+------+------+------+-------+------+------+
|Module Name | DSP Mapping    | A Size | B Size | C Size | D Size | P Size | AREG | BREG | CREG | DREG | ADREG | MREG | PREG | 
+------------+----------------+--------+--------+--------+--------+--------+------+------+------+------+-------+------+------+
|alu         | A*B            | 18     | 15     | -      | -      | 48     | 0    | 0    | -    | -    | -     | 0    | 0    | 
|alu         | (PCIN>>17)+A*B | 15     | 15     | -      | -      | 30     | 0    | 0    | -    | -    | -     | 0    | 0    | 
|alu         | A*B            | 18     | 18     | -      | -      | 48     | 0    | 0    | -    | -    | -     | 0    | 0    | 
|alu         | (PCIN>>17)+A*B | 18     | 15     | -      | -      | 47     | 0    | 0    | -    | -    | -     | 0    | 0    | 
|alu         | A*B            | 18     | 16     | -      | -      | 48     | 0    | 0    | -    | -    | -     | 0    | 0    | 
|alu         | (PCIN>>17)+A*B | 16     | 16     | -      | -      | 48     | 0    | 0    | -    | -    | -     | 0    | 0    | 
|alu         | A*B            | 18     | 18     | -      | -      | 48     | 0    | 0    | -    | -    | -     | 0    | 0    | 
|alu         | (PCIN>>17)+A*B | 18     | 16     | -      | -      | 48     | 0    | 0    | -    | -    | -     | 0    | 0    | 
|alu         | A*B            | 18     | 15     | -      | -      | 48     | 0    | 0    | -    | -    | -     | 0    | 0    | 
|alu         | (PCIN>>17)+A*B | 16     | 15     | -      | -      | 48     | 0    | 0    | -    | -    | -     | 0    | 0    | 
|alu         | A*B            | 18     | 18     | -      | -      | 48     | 0    | 0    | -    | -    | -     | 0    | 0    | 
|alu         | (PCIN>>17)+A*B | 18     | 16     | -      | -      | 48     | 0    | 0    | -    | -    | -     | 0    | 0    | 
+------------+----------------+--------+--------+--------+--------+--------+------+------+------+------+-------+------+------+

Note: The table above is a preliminary report that shows the DSPs inferred at the current stage of the synthesis flow. Some DSP may be reimplemented as non DSP primitives later in the synthesis flow. Multiple instantiated DSPs are reported only once.
---------------------------------------------------------------------------------
Finished ROM, RAM, DSP, Shift Register and Retiming Reporting
---------------------------------------------------------------------------------
---------------------------------------------------------------------------------
Start Applying XDC Timing Constraints
---------------------------------------------------------------------------------
---------------------------------------------------------------------------------
Finished Applying XDC Timing Constraints : Time (s): cpu = 00:02:17 ; elapsed = 00:02:23 . Memory (MB): peak = 2747.930 ; gain = 1046.953 ; free physical = 6887 ; free virtual = 24156
---------------------------------------------------------------------------------
---------------------------------------------------------------------------------
Start Timing Optimization
---------------------------------------------------------------------------------
---------------------------------------------------------------------------------
Finished Timing Optimization : Time (s): cpu = 00:02:32 ; elapsed = 00:02:39 . Memory (MB): peak = 2763.938 ; gain = 1062.961 ; free physical = 6868 ; free virtual = 24137
---------------------------------------------------------------------------------
---------------------------------------------------------------------------------
Start ROM, RAM, DSP, Shift Register and Retiming Reporting
---------------------------------------------------------------------------------

Distributed RAM: Final Mapping Report
+------------+------------+-----------+----------------------+-------------------+
|Module Name | RTL Object | Inference | Size (Depth x Width) | Primitives        | 
+------------+------------+-----------+----------------------+-------------------+
|u_ram       | memory_reg | Implied   | 16 K x 32            | RAM256X1S x 2048  | 
+------------+------------+-----------+----------------------+-------------------+

---------------------------------------------------------------------------------
Finished ROM, RAM, DSP, Shift Register and Retiming Reporting
---------------------------------------------------------------------------------
---------------------------------------------------------------------------------
Start Technology Mapping
---------------------------------------------------------------------------------
---------------------------------------------------------------------------------
Finished Technology Mapping : Time (s): cpu = 00:02:38 ; elapsed = 00:02:45 . Memory (MB): peak = 2763.938 ; gain = 1062.961 ; free physical = 6871 ; free virtual = 24141
---------------------------------------------------------------------------------
---------------------------------------------------------------------------------
Start IO Insertion
---------------------------------------------------------------------------------
---------------------------------------------------------------------------------
Start Flattening Before IO Insertion
---------------------------------------------------------------------------------
---------------------------------------------------------------------------------
Finished Flattening Before IO Insertion
---------------------------------------------------------------------------------
---------------------------------------------------------------------------------
Start Final Netlist Cleanup
---------------------------------------------------------------------------------
---------------------------------------------------------------------------------
Finished Final Netlist Cleanup
---------------------------------------------------------------------------------
---------------------------------------------------------------------------------
Finished IO Insertion : Time (s): cpu = 00:02:42 ; elapsed = 00:02:49 . Memory (MB): peak = 2839.750 ; gain = 1138.773 ; free physical = 6811 ; free virtual = 24080
---------------------------------------------------------------------------------
---------------------------------------------------------------------------------
Start Renaming Generated Instances
---------------------------------------------------------------------------------
---------------------------------------------------------------------------------
Finished Renaming Generated Instances : Time (s): cpu = 00:02:42 ; elapsed = 00:02:50 . Memory (MB): peak = 2839.750 ; gain = 1138.773 ; free physical = 6811 ; free virtual = 24080
---------------------------------------------------------------------------------
---------------------------------------------------------------------------------
Start Rebuilding User Hierarchy
---------------------------------------------------------------------------------
---------------------------------------------------------------------------------
Finished Rebuilding User Hierarchy : Time (s): cpu = 00:02:43 ; elapsed = 00:02:51 . Memory (MB): peak = 2839.750 ; gain = 1138.773 ; free physical = 6806 ; free virtual = 24076
---------------------------------------------------------------------------------
---------------------------------------------------------------------------------
Start Renaming Generated Ports
---------------------------------------------------------------------------------
---------------------------------------------------------------------------------
Finished Renaming Generated Ports : Time (s): cpu = 00:02:43 ; elapsed = 00:02:51 . Memory (MB): peak = 2839.750 ; gain = 1138.773 ; free physical = 6806 ; free virtual = 24076
---------------------------------------------------------------------------------
---------------------------------------------------------------------------------
Start Handling Custom Attributes
---------------------------------------------------------------------------------
---------------------------------------------------------------------------------
Finished Handling Custom Attributes : Time (s): cpu = 00:02:44 ; elapsed = 00:02:51 . Memory (MB): peak = 2839.750 ; gain = 1138.773 ; free physical = 6806 ; free virtual = 24076
---------------------------------------------------------------------------------
---------------------------------------------------------------------------------
Start Renaming Generated Nets
---------------------------------------------------------------------------------
---------------------------------------------------------------------------------
Finished Renaming Generated Nets : Time (s): cpu = 00:02:44 ; elapsed = 00:02:51 . Memory (MB): peak = 2839.750 ; gain = 1138.773 ; free physical = 6806 ; free virtual = 24076
---------------------------------------------------------------------------------
---------------------------------------------------------------------------------
Start Writing Synthesis Report
---------------------------------------------------------------------------------

DSP Final Report (the ' indicates corresponding REG is set)
+------------+--------------+--------+--------+--------+--------+--------+------+------+------+------+-------+------+------+
|Module Name | DSP Mapping  | A Size | B Size | C Size | D Size | P Size | AREG | BREG | CREG | DREG | ADREG | MREG | PREG | 
+------------+--------------+--------+--------+--------+--------+--------+------+------+------+------+-------+------+------+
|alu         | A*B          | 17     | 18     | -      | -      | 48     | 0    | 0    | -    | -    | -     | 0    | 0    | 
|alu         | PCIN>>17+A*B | 30     | 18     | -      | -      | 30     | 0    | 0    | -    | -    | -     | 0    | 0    | 
|alu         | A*B          | 17     | 17     | -      | -      | 48     | 0    | 0    | -    | -    | -     | 0    | 0    | 
|alu         | PCIN>>17+A*B | 17     | 18     | -      | -      | 47     | 0    | 0    | -    | -    | -     | 0    | 0    | 
|alu         | A*B          | 17     | 15     | -      | -      | 48     | 0    | 0    | -    | -    | -     | 0    | 0    | 
|alu         | PCIN>>17+A*B | 15     | 15     | -      | -      | 48     | 0    | 0    | -    | -    | -     | 0    | 0    | 
|alu         | A*B          | 17     | 17     | -      | -      | 48     | 0    | 0    | -    | -    | -     | 0    | 0    | 
|alu         | PCIN>>17+A*B | 17     | 15     | -      | -      | 48     | 0    | 0    | -    | -    | -     | 0    | 0    | 
|alu         | A*B          | 17     | 18     | -      | -      | 48     | 0    | 0    | -    | -    | -     | 0    | 0    | 
|alu         | PCIN>>17+A*B | 15     | 18     | -      | -      | 48     | 0    | 0    | -    | -    | -     | 0    | 0    | 
|alu         | A*B          | 17     | 17     | -      | -      | 48     | 0    | 0    | -    | -    | -     | 0    | 0    | 
|alu         | PCIN>>17+A*B | 17     | 15     | -      | -      | 48     | 0    | 0    | -    | -    | -     | 0    | 0    | 
+------------+--------------+--------+--------+--------+--------+--------+------+------+------+------+-------+------+------+


Report BlackBoxes: 
+-+--------------+----------+
| |BlackBox name |Instances |
+-+--------------+----------+
+-+--------------+----------+

Report Cell Usage: 
+------+----------+------+
|      |Cell      |Count |
+------+----------+------+
|1     |BUFG      |     1|
|2     |CARRY4    |   172|
|3     |DSP48E1   |    12|
|4     |LUT1      |   109|
|5     |LUT2      |   592|
|6     |LUT3      |   275|
|7     |LUT4      |   491|
|8     |LUT5      |   682|
|9     |LUT6      |  4683|
|10    |MUXF7     |  1350|
|11    |MUXF8     |   575|
|12    |RAM256X1S |  2048|
|13    |FDCE      |  1988|
|14    |FDPE      |    73|
|15    |FDRE      |   135|
|16    |FDSE      |    12|
|17    |IBUF      |     3|
|18    |OBUF      |     1|
+------+----------+------+
---------------------------------------------------------------------------------
Finished Writing Synthesis Report : Time (s): cpu = 00:02:44 ; elapsed = 00:02:51 . Memory (MB): peak = 2839.750 ; gain = 1138.773 ; free physical = 6806 ; free virtual = 24076
---------------------------------------------------------------------------------
Synthesis finished with 0 errors, 0 critical warnings and 35 warnings.
Synthesis Optimization Runtime : Time (s): cpu = 00:02:42 ; elapsed = 00:02:48 . Memory (MB): peak = 2839.750 ; gain = 1033.969 ; free physical = 6806 ; free virtual = 24076
Synthesis Optimization Complete : Time (s): cpu = 00:02:44 ; elapsed = 00:02:51 . Memory (MB): peak = 2839.758 ; gain = 1138.773 ; free physical = 6805 ; free virtual = 24076
INFO: [Project 1-571] Translating synthesized netlist
Netlist sorting complete. Time (s): cpu = 00:00:00.09 ; elapsed = 00:00:00.09 . Memory (MB): peak = 2854.625 ; gain = 0.000 ; free physical = 6956 ; free virtual = 24231
INFO: [Netlist 29-17] Analyzing 4157 Unisim elements for replacement
INFO: [Netlist 29-28] Unisim Transformation completed in 0 CPU seconds
INFO: [Project 1-570] Preparing netlist for logic optimization
INFO: [Opt 31-138] Pushed 0 inverter(s) to 0 load pin(s).
Netlist sorting complete. Time (s): cpu = 00:00:00 ; elapsed = 00:00:00.01 . Memory (MB): peak = 2887.543 ; gain = 0.000 ; free physical = 6939 ; free virtual = 24216
INFO: [Project 1-111] Unisim Transformation Summary:
  A total of 2048 instances were transformed.
  RAM256X1S => RAM256X1S (MUXF7(x2), MUXF8, RAMS64E(x4)): 2048 instances

Synth Design complete | Checksum: 5c335fd2
INFO: [Common 17-83] Releasing license: Synthesis
46 Infos, 95 Warnings, 0 Critical Warnings and 0 Errors encountered.
synth_design completed successfully
synth_design: Time (s): cpu = 00:02:55 ; elapsed = 00:03:11 . Memory (MB): peak = 2887.578 ; gain = 1338.719 ; free physical = 6938 ; free virtual = 24216
INFO: [Common 17-2834] synth_design peak Physical Memory [PSS] (MB): overall = 2203.086; main = 2010.157; forked = 278.438
INFO: [Common 17-2834] synth_design peak Virtual Memory [VSS] (MB): overall = 3825.062; main = 2887.543; forked = 985.312
Write ShapeDB Complete: Time (s): cpu = 00:00:00.13 ; elapsed = 00:00:00.05 . Memory (MB): peak = 2911.555 ; gain = 0.000 ; free physical = 6934 ; free virtual = 24216
INFO: [Common 17-1381] The checkpoint '/home/jiakuan/projects/my_riscv_core/vivado_fpga/bearcore_fpga.runs/synth_1/core.dcp' has been generated.
INFO: [Vivado 12-24828] Executing command : report_utilization -file core_utilization_synth.rpt -pb core_utilization_synth.pb
INFO: [Common 17-206] Exiting Vivado at Wed Dec 31 00:11:44 2025...
