Vivado Simulator v2025.2
Copyright 1986-2022 Xilinx, Inc. All Rights Reserved.
Copyright 2022-2025 Advanced Micro Devices, Inc. All Rights Reserved.
Running: /tools/Xilinx/2025.2/Vivado/bin/unwrapped/lnx64.o/xelab --incr --debug typical --relax --mt 8 -L xil_defaultlib -L unisims_ver -L unimacro_ver -L secureip --snapshot tb_top_behav xil_defaultlib.tb_top xil_defaultlib.glbl -log elaborate.log 
Using 8 slave threads.
WARNING: [XSIM 43-3431] One or more environment variables have been detected which affect the operation of the C compiler. These are typically not set in standard installations and are not tested by AMD, however they may be appropriate for your system, so the flow will attempt to continue.  If errors occur, try running xelab with the "-mt off -v 1" switches to see more information from the C compiler. The following environment variables have been detected:
Starting static elaboration
Pass Through NonSizing Optimizer
WARNING: [VRFC 10-5021] port 'funct7' is not connected on this instance [/home/jiakuan/projects/my_riscv_core/src/core.v:400]
Completed static elaboration
Starting simulation data flow analysis
WARNING: [XSIM 43-4099] "/home/jiakuan/projects/my_riscv_core/src/core.v" Line 1. Module core doesn't have a timescale but at least one module in design has a timescale.
WARNING: [XSIM 43-4099] "/home/jiakuan/projects/my_riscv_core/src/uart_rx.v" Line 1. Module uart_rx(CLK_FREQ=100000000,BAUD_RATE=1152000) doesn't have a timescale but at least one module in design has a timescale.
WARNING: [XSIM 43-4099] "/home/jiakuan/projects/my_riscv_core/src/rom.v" Line 1. Module rom doesn't have a timescale but at least one module in design has a timescale.
WARNING: [XSIM 43-4099] "/home/jiakuan/projects/my_riscv_core/src/decoder.v" Line 1. Module decoder doesn't have a timescale but at least one module in design has a timescale.
WARNING: [XSIM 43-4099] "/home/jiakuan/projects/my_riscv_core/src/csr_registers.v" Line 1. Module csr_registers doesn't have a timescale but at least one module in design has a timescale.
WARNING: [XSIM 43-4099] "/home/jiakuan/projects/my_riscv_core/src/reg_file.v" Line 1. Module reg_file doesn't have a timescale but at least one module in design has a timescale.
WARNING: [XSIM 43-4099] "/home/jiakuan/projects/my_riscv_core/src/alu.v" Line 1. Module alu doesn't have a timescale but at least one module in design has a timescale.
WARNING: [XSIM 43-4099] "/home/jiakuan/projects/my_riscv_core/src/div_unit.v" Line 1. Module div_unit doesn't have a timescale but at least one module in design has a timescale.
WARNING: [XSIM 43-4099] "/home/jiakuan/projects/my_riscv_core/src/data_ram.v" Line 1. Module data_ram doesn't have a timescale but at least one module in design has a timescale.
WARNING: [XSIM 43-4099] "/home/jiakuan/projects/my_riscv_core/src/uart_tx.v" Line 1. Module uart_tx_default doesn't have a timescale but at least one module in design has a timescale.
Completed simulation data flow analysis
Time Resolution for simulation is 1ps
Compiling module xil_defaultlib.uart_rx(CLK_FREQ=100000000,BAUD_...
Compiling module xil_defaultlib.rom
Compiling module xil_defaultlib.decoder
Compiling module xil_defaultlib.csr_registers
Compiling module xil_defaultlib.reg_file
Compiling module xil_defaultlib.div_unit
Compiling module xil_defaultlib.alu
Compiling module xil_defaultlib.data_ram
Compiling module xil_defaultlib.uart_tx_default
Compiling module xil_defaultlib.core
Compiling module xil_defaultlib.tb_top
Compiling module xil_defaultlib.glbl
Built simulation snapshot tb_top_behav
