INFO: [VRFC 10-2263] Analyzing Verilog file "/home/jiakuan/projects/my_riscv_core/src/alu.v" into library xil_defaultlib
INFO: [VRFC 10-311] analyzing module alu
INFO: [VRFC 10-2263] Analyzing Verilog file "/home/jiakuan/projects/my_riscv_core/src/core.v" into library xil_defaultlib
INFO: [VRFC 10-311] analyzing module core
WARNING: [VRFC 10-3380] identifier 'uart_rx_ready' is used before its declaration [/home/jiakuan/projects/my_riscv_core/src/core.v:88]
WARNING: [VRFC 10-3380] identifier 'reg_uart_ie' is used before its declaration [/home/jiakuan/projects/my_riscv_core/src/core.v:89]
WARNING: [VRFC 10-3380] identifier 'tx_test_en' is used before its declaration [/home/jiakuan/projects/my_riscv_core/src/core.v:91]
WARNING: [VRFC 10-3380] identifier 'timer_int_final' is used before its declaration [/home/jiakuan/projects/my_riscv_core/src/core.v:93]
WARNING: [VRFC 10-3380] identifier 'mem_is_uart_ie' is used before its declaration [/home/jiakuan/projects/my_riscv_core/src/core.v:195]
WARNING: [VRFC 10-3380] identifier 'mem_final_rdata' is used before its declaration [/home/jiakuan/projects/my_riscv_core/src/core.v:384]
WARNING: [VRFC 10-3380] identifier 'csr_rdata_forwarded' is used before its declaration [/home/jiakuan/projects/my_riscv_core/src/core.v:386]
INFO: [VRFC 10-2263] Analyzing Verilog file "/home/jiakuan/projects/my_riscv_core/src/csr_registers.v" into library xil_defaultlib
INFO: [VRFC 10-311] analyzing module csr_registers
INFO: [VRFC 10-2263] Analyzing Verilog file "/home/jiakuan/projects/my_riscv_core/src/data_ram.v" into library xil_defaultlib
INFO: [VRFC 10-311] analyzing module data_ram
INFO: [VRFC 10-2263] Analyzing Verilog file "/home/jiakuan/projects/my_riscv_core/src/decoder.v" into library xil_defaultlib
INFO: [VRFC 10-311] analyzing module decoder
INFO: [VRFC 10-2263] Analyzing Verilog file "/home/jiakuan/projects/my_riscv_core/src/div_unit.v" into library xil_defaultlib
INFO: [VRFC 10-311] analyzing module div_unit
INFO: [VRFC 10-2263] Analyzing Verilog file "/home/jiakuan/projects/my_riscv_core/src/reg_file.v" into library xil_defaultlib
INFO: [VRFC 10-311] analyzing module reg_file
INFO: [VRFC 10-2263] Analyzing Verilog file "/home/jiakuan/projects/my_riscv_core/src/rom.v" into library xil_defaultlib
INFO: [VRFC 10-311] analyzing module rom
INFO: [VRFC 10-2263] Analyzing Verilog file "/home/jiakuan/projects/my_riscv_core/src/uart_rx.v" into library xil_defaultlib
INFO: [VRFC 10-311] analyzing module uart_rx
INFO: [VRFC 10-2263] Analyzing Verilog file "/home/jiakuan/projects/my_riscv_core/src/uart_tx.v" into library xil_defaultlib
INFO: [VRFC 10-311] analyzing module uart_tx
INFO: [VRFC 10-2263] Analyzing Verilog file "/home/jiakuan/projects/my_riscv_core/tests/bench/tb_top.v" into library xil_defaultlib
INFO: [VRFC 10-311] analyzing module tb_top
WARNING: [VRFC 10-3380] identifier 'uart_char_ready' is used before its declaration [/home/jiakuan/projects/my_riscv_core/tests/bench/tb_top.v:50]
WARNING: [VRFC 10-3380] identifier 'captured_char' is used before its declaration [/home/jiakuan/projects/my_riscv_core/tests/bench/tb_top.v:52]
INFO: [VRFC 10-2263] Analyzing Verilog file "/home/jiakuan/projects/my_riscv_core/vivado_temp/bearcore_verify.sim/sim_1/behav/xsim/glbl.v" into library xil_defaultlib
INFO: [VRFC 10-311] analyzing module glbl
